0 1.30602e+00 1.02120e+00
1 3.12276e+00 9.75506e-01
2 8.17065e-01 5.63438e-01
3 4.95584e-01 5.62086e-01
4 1.35026e+00 3.94561e-01
5 4.08365e-01 4.06188e-01
6 6.71498e-01 5.92729e-01
7 4.27832e-01 4.61591e-01
8 3.87977e-01 4.45002e-01
9 4.54662e-01 3.90405e-01
10 9.94907e-01 2.99604e-01
11 3.32711e-01 4.59790e-01
12 6.86550e-01 4.97988e-01
13 1.18942e-01 2.95485e-01
14 3.36538e-01 3.98014e-01
15 3.66063e-01 3.47962e-01
16 1.40328e+00 4.08089e-01
17 6.29568e-01 2.79275e-01
18 2.64704e-01 4.58307e-01
19 6.30778e-01 3.10446e-01
20 3.35551e-01 2.49888e-01
21 1.51253e-01 4.53087e-01
22 5.15663e-01 2.79081e-01
23 5.15124e-01 2.74077e-01
24 1.12333e-01 2.98565e-01
25 4.09848e-01 1.91173e-01
26 5.25389e-01 2.84084e-01
27 3.14970e-01 1.90924e-01
28 2.32382e-01 2.59670e-01
29 4.63447e-01 2.36425e-01
30 7.46901e-01 4.37627e-01
31 1.48114e-01 1.94435e-01
32 1.31700e-01 2.48401e-01
33 4.06678e-01 2.52358e-01
34 2.17919e-01 3.52963e-01
35 2.51303e-01 2.55322e-01
36 1.53543e-01 2.62279e-01
37 2.88826e-01 2.52612e-01
38 6.27764e-01 1.95973e-01
39 3.72717e-01 2.43564e-01
40 1.90555e-01 1.97505e-01
41 2.40993e-01 2.36949e-01
42 7.49872e-01 3.02818e-01
43 2.00767e-01 2.86361e-01
44 3.51658e-01 3.11630e-01
45 1.11703e-01 2.75090e-01
46 1.97885e-01 2.07010e-01
47 4.30276e-01 2.92122e-01
48 2.56921e-01 1.78397e-01
49 3.52425e-01 2.54283e-01
50 1.32984e-01 2.52339e-01
51 5.70041e-01 1.96741e-01
52 1.93867e-01 2.47111e-01
53 3.66347e-01 2.06974e-01
54 3.63692e-01 2.93975e-01
55 1.13431e-01 3.16441e-01
56 1.99438e-01 2.42671e-01
57 8.20864e-02 2.38523e-01
58 2.55547e-01 2.21075e-01
59 4.69448e-01 1.96550e-01
60 4.84481e-01 2.22891e-01
61 4.82006e-01 2.68639e-01
62 3.33073e-01 1.95951e-01
63 2.63692e-01 2.29124e-01
64 1.25301e-01 2.94948e-01
65 2.99795e-01 2.65255e-01
66 6.58751e-01 1.52079e-01
67 8.04254e-01 2.37447e-01
68 3.28173e-01 2.03247e-01
69 3.66397e-01 1.55093e-01
70 3.03731e-01 2.40483e-01
71 1.15746e-01 2.12382e-01
72 2.61139e-01 2.90419e-01
73 4.99438e-01 2.49512e-01
74 2.25975e-01 3.10522e-01
75 1.39129e-01 2.21683e-01
76 1.96777e-01 1.80043e-01
77 2.83393e-01 1.77796e-01
78 4.56942e-01 1.99234e-01
79 3.97680e-01 1.55666e-01
80 5.34338e-01 2.44688e-01
81 7.06411e-01 1.91276e-01
82 2.57680e-01 1.92233e-01
83 2.94656e-01 2.10648e-01
84 7.93216e-02 2.09661e-01
85 2.51908e-01 1.71834e-01
86 1.69045e-01 2.17364e-01
87 4.18625e-01 2.65398e-01
88 8.55036e-02 1.63087e-01
89 1.73943e-01 1.37845e-01
90 2.60922e-01 1.51943e-01
91 3.45878e-02 2.06373e-01
92 1.82679e-01 1.98854e-01
93 9.73193e-01 2.11182e-01
94 5.54518e-02 1.31948e-01
95 6.05524e-02 1.95801e-01
96 2.35658e-01 1.92739e-01
97 4.51304e-01 2.95048e-01
98 3.30732e-01 2.55867e-01
99 3.17215e-01 1.50980e-01
100 1.48239e-01 1.96891e-01
101 4.36774e-01 2.19184e-01
102 3.24376e-01 2.64640e-01
103 7.76444e-01 1.51307e-01
104 9.74123e-01 1.29772e-01
105 5.46904e-01 3.17040e-01
106 4.49434e-01 1.85164e-01
107 8.50226e-02 2.00496e-01
108 2.96131e-01 2.28885e-01
109 1.52549e-01 2.28274e-01
110 5.03703e-01 2.39827e-01
111 3.35297e-01 1.56908e-01
112 1.68683e-01 2.03787e-01
113 9.57962e-02 1.90742e-01
114 3.22985e-01 2.37037e-01
115 2.48163e-01 2.50529e-01
116 3.50587e-01 1.59390e-01
117 1.48049e-01 1.97153e-01
118 3.73849e-01 1.20609e-01
119 5.03189e-01 1.55617e-01
120 1.46415e-01 1.70136e-01
121 1.03787e+00 2.32117e-01
122 5.75863e-01 1.96198e-01
123 3.11588e-01 3.14146e-01
124 1.14350e-01 1.91663e-01
125 2.28685e-01 2.18457e-01
126 5.34146e-01 1.96760e-01
127 1.42415e-01 3.23593e-01
128 4.00332e-01 2.41855e-01
129 9.75351e-01 2.39954e-01
130 1.44621e-01 2.39189e-01
131 7.99363e-02 2.09138e-01
132 1.14135e-01 1.45860e-01
133 9.98288e-02 1.82750e-01
134 3.65706e-02 1.87409e-01
135 4.30922e-01 2.29584e-01
136 2.20603e-01 1.71792e-01
137 7.97972e-01 1.54446e-01
138 7.38659e-02 1.67856e-01
139 1.52376e-01 2.01745e-01
140 7.54918e-02 1.46233e-01
141 1.65866e-01 1.99702e-01
142 2.32357e-01 1.53795e-01
143 1.26771e-01 2.49849e-01
144 1.66020e-01 1.86709e-01
145 3.14320e-02 1.27584e-01
146 4.47203e-01 1.72445e-01
147 2.27242e-01 1.72728e-01
148 2.41627e-01 1.40522e-01
149 1.07426e-01 1.70590e-01
150 2.26624e-01 2.34205e-01
151 2.36204e-01 1.88784e-01
152 5.34797e-02 1.67663e-01
153 6.65779e-02 1.33612e-01
154 2.67921e-01 1.67198e-01
155 4.86903e-01 2.05750e-01
156 2.94297e-01 1.83969e-01
157 4.01350e-01 1.52541e-01
158 9.26949e-02 2.58559e-01
159 2.26162e-02 1.81498e-01
160 9.24434e-02 1.43839e-01
161 1.89402e-01 2.10103e-01
162 1.12719e-01 1.78567e-01
163 1.07101e-01 1.57686e-01
164 1.46863e-01 1.51276e-01
165 3.33604e-01 2.00210e-01
166 3.31463e-01 2.38854e-01
167 2.65189e-01 3.16555e-01
168 3.79815e-01 1.76180e-01
169 6.20104e-02 2.06033e-01
170 8.63396e-02 2.40685e-01
171 8.36906e-02 1.33867e-01
172 1.20809e-01 1.79732e-01
173 1.79519e-01 2.47954e-01
174 3.74605e-02 2.20846e-01
175 9.15869e-02 2.88115e-01
176 2.95466e-01 1.46562e-01
177 3.67344e-01 1.38682e-01
178 1.29881e-01 1.34208e-01
179 3.12832e-01 1.31835e-01
180 1.39369e-01 1.59088e-01
181 2.44200e-01 1.91279e-01
182 3.51494e-01 2.09839e-01
183 1.17751e-01 1.78595e-01
184 5.27745e-02 1.28677e-01
185 1.07505e-01 1.44617e-01
186 3.54339e-01 1.33563e-01
187 2.59544e-02 1.40093e-01
188 3.97541e-01 2.37943e-01
189 2.67001e-01 1.74356e-01
190 2.85069e-01 2.04857e-01
191 2.48305e-01 1.48229e-01
192 6.10814e-02 1.36011e-01
193 2.29389e-01 2.01886e-01
194 4.21187e-01 2.91461e-01
195 2.90864e-01 2.03551e-01
196 1.29582e-01 2.62643e-01
197 2.80862e-01 1.69201e-01
198 4.77208e-01 1.39620e-01
199 2.94866e-01 2.66838e-01
0 9.71418e-02 1.19002e-01
1 4.97940e-02 9.40528e-02
2 1.06906e-01 9.91242e-02
3 6.99083e-02 1.15650e-01
4 1.52169e-01 1.08277e-01
5 3.43015e-01 1.05530e-01
6 2.53123e-01 1.10084e-01
7 1.60941e-01 7.82664e-02
8 7.38069e-02 8.89078e-02
9 1.92531e-02 9.95484e-02
10 2.89850e-01 1.50573e-01
11 1.46583e-01 1.25968e-01
12 7.81646e-02 1.40547e-01
13 2.51994e-01 9.09608e-02
14 2.65037e-02 1.40864e-01
15 7.32534e-02 1.03354e-01
16 3.18498e-01 7.65796e-02
17 1.49831e-01 1.47146e-01
18 1.60658e-01 1.53592e-01
19 3.32458e-02 1.23276e-01
20 1.01229e-01 1.11953e-01
21 1.18217e-01 1.55567e-01
22 6.39287e-01 1.44844e-01
23 3.52025e-01 1.47666e-01
24 3.11591e-02 1.38734e-01
25 5.42945e-02 1.35445e-01
26 8.12390e-02 1.49755e-01
27 3.19893e-01 1.07959e-01
28 9.19325e-02 1.56245e-01
29 1.73756e-01 1.40706e-01
30 3.44546e-02 9.17832e-02
31 3.29906e-02 1.44790e-01
32 5.97062e-02 1.08344e-01
33 4.15153e-02 7.91039e-02
34 9.54750e-02 1.29838e-01
35 1.28451e-01 1.08444e-01
36 7.16858e-01 8.75386e-02
37 1.41705e-01 1.22880e-01
38 2.22707e-02 7.09644e-02
39 1.91468e-01 1.39699e-01
40 5.61617e-01 9.80718e-02
41 9.62285e-02 1.02221e-01
42 2.25388e-01 1.14961e-01
43 4.30006e-02 1.00547e-01
44 1.55261e-01 9.47761e-02
45 8.46691e-02 8.12454e-02
46 1.34654e-01 1.11434e-01
47 6.03637e-02 9.68076e-02
48 2.12100e-01 1.41061e-01
49 6.17304e-02 6.39094e-02
50 6.62241e-02 8.64813e-02
51 2.06335e-02 1.03568e-01
52 3.07793e-01 1.09570e-01
53 7.20896e-02 6.16737e-02
54 1.54628e-01 9.10165e-02
55 8.52107e-03 8.51854e-02
56 4.34091e-01 1.58968e-01
57 3.89239e-01 1.13113e-01
58 2.57129e-02 1.88867e-01
59 5.10004e-02 1.02776e-01
60 5.57338e-02 7.20402e-02
61 2.61101e-02 7.15067e-02
62 8.32513e-02 9.23565e-02
63 2.83324e-02 9.72146e-02
64 3.18948e-01 1.03345e-01
65 2.23664e-01 8.82328e-02
66 5.16875e-02 9.62115e-02
67 5.16768e-03 8.21007e-02
68 2.85500e-01 1.15817e-01
69 2.16118e-02 9.51412e-02
70 1.27470e-01 1.77548e-01
71 2.08481e-01 1.34383e-01
72 5.66705e-02 1.65866e-01
73 6.40768e-02 1.23733e-01
74 9.65273e-02 8.35583e-02
75 2.24779e-01 1.18642e-01
76 3.36240e-02 9.33667e-02
77 4.03677e-02 6.80691e-02
78 5.56181e-02 8.65702e-02
79 6.17464e-02 9.23817e-02
80 5.03234e-02 1.32538e-01
81 6.69868e-02 1.18871e-01
82 1.73730e-02 8.87171e-02
83 7.45608e-03 1.01919e-01
84 3.26292e-01 7.59178e-02
85 1.61284e-01 1.05944e-01
86 3.03329e-01 1.48758e-01
87 5.08636e-02 1.09771e-01
88 1.06293e-01 9.71695e-02
89 8.12293e-02 1.11482e-01
90 5.76376e-03 8.99129e-02
91 1.57953e-01 1.47629e-01
92 9.02510e-02 1.46487e-01
93 2.05242e-01 1.67563e-01
94 2.32647e-01 1.09284e-01
95 2.98581e-01 1.16690e-01
96 4.32511e-02 1.38891e-01
97 4.06109e-02 7.61681e-02
98 4.23409e-02 7.85782e-02
99 2.19269e-01 1.24427e-01
100 1.49463e-01 1.33795e-01
101 8.01291e-02 7.71180e-02
102 2.01333e-02 6.61695e-02
103 1.77884e-01 9.94249e-02
104 1.59816e-01 1.56943e-01
105 6.50724e-02 1.45584e-01
106 9.17897e-02 1.09488e-01
107 1.03771e-01 1.17714e-01
108 2.89574e-02 1.11707e-01
109 3.90313e-01 8.64136e-02
110 1.00547e-02 8.47907e-02
111 7.07316e-02 8.10635e-02
112 4.90818e-02 9.48808e-02
113 1.69831e-02 1.10930e-01
114 1.09100e-01 8.73745e-02
115 3.03919e-01 1.48931e-01
116 4.51266e-02 7.99159e-02
117 3.51112e-02 7.50889e-02
118 1.74830e-01 1.25094e-01
119 9.36995e-02 1.18568e-01
120 1.44269e-01 9.11120e-02
121 1.37301e-01 9.75178e-02
122 1.80854e-01 1.15702e-01
123 1.36135e-01 9.63852e-02
124 1.15393e-01 8.48415e-02
125 7.58024e-02 8.30787e-02
126 3.96956e-01 8.81598e-02
127 4.47787e-02 8.64309e-02
128 1.92761e-01 1.45654e-01
129 6.69459e-03 9.88406e-02
130 3.91542e-02 8.39646e-02
131 1.45350e-01 1.08367e-01
132 2.78134e-01 9.71325e-02
133 1.39722e-02 9.54478e-02
134 2.11960e-01 7.42272e-02
135 1.13516e-01 8.34373e-02
136 1.94504e-01 1.31546e-01
137 8.24947e-02 1.26897e-01
138 2.70781e-02 9.16816e-02
139 4.86627e-02 1.06675e-01
140 2.25274e-01 8.09947e-02
141 5.04548e-02 7.84335e-02
142 8.78153e-02 1.51034e-01
143 9.74177e-02 8.54175e-02
144 1.94049e-01 9.83067e-02
145 5.78861e-02 8.08841e-02
146 1.32114e-01 9.19003e-02
147 3.98133e-02 1.20620e-01
148 1.64741e-01 2.09003e-01
149 1.66238e-01 1.00495e-01
150 4.75957e-02 8.82407e-02
151 8.51007e-02 9.42934e-02
152 1.12252e-01 1.27877e-01
153 1.83167e-02 1.09739e-01
154 4.67659e-02 8.82200e-02
155 8.10175e-02 1.08863e-01
156 6.82577e-02 1.05592e-01
157 4.36443e-01 1.09067e-01
158 1.43926e-01 1.05890e-01
159 1.71819e-01 1.43027e-01
160 8.48923e-02 7.21187e-02
161 1.96236e-02 1.16143e-01
162 3.83279e-02 1.30729e-01
163 1.06246e-01 7.34267e-02
164 1.86465e-01 1.30465e-01
165 2.20504e-01 7.50184e-02
166 3.62770e-02 1.14322e-01
167 1.59192e-01 1.29996e-01
168 1.74630e-01 8.58961e-02
169 2.86605e-02 1.06227e-01
170 2.23143e-02 1.10164e-01
171 2.93945e-02 8.79114e-02
172 1.52058e-01 1.42432e-01
173 4.44150e-02 1.11401e-01
174 1.41674e-01 1.72064e-01
175 2.40215e-01 5.34471e-02
176 1.08921e-01 6.60028e-02
177 4.21187e-02 8.42912e-02
178 6.99155e-01 9.14731e-02
179 8.36673e-03 1.07249e-01
180 3.67729e-02 9.41813e-02
181 8.90174e-02 1.19588e-01
182 5.31162e-02 1.16474e-01
183 1.82925e-02 9.84377e-02
184 6.16097e-02 1.62518e-01
185 1.28053e-02 9.59089e-02
186 4.73944e-02 7.97423e-02
187 1.23211e-01 1.29134e-01
188 3.44230e-01 8.25259e-02
189 1.26155e-01 7.39695e-02
190 1.15857e-02 1.12434e-01
191 8.11182e-02 7.52802e-02
192 2.36975e-01 1.54882e-01
193 2.98006e-02 9.78327e-02
194 1.30049e-01 1.23168e-01
195 2.59435e-01 9.16485e-02
196 1.84274e-02 1.14418e-01
197 1.03360e-01 8.09512e-02
198 2.13402e-02 1.04220e-01
199 3.40682e-01 1.16087e-01
0 6.39370e-02 6.42316e-02
1 6.16492e-02 4.53684e-02
2 8.30662e-02 5.16015e-02
3 4.82431e-03 4.54265e-02
4 2.58523e-03 3.85476e-02
5 1.29932e-01 4.40391e-02
6 4.62784e-03 4.32807e-02
7 1.07421e-02 3.75206e-02
8 3.10737e-03 4.19052e-02
9 4.05953e-02 3.96012e-02
10 3.87429e-02 3.94042e-02
11 7.15368e-02 4.51426e-02
12 2.92405e-03 3.51804e-02
13 1.01361e-02 4.52260e-02
14 5.69271e-03 3.73747e-02
15 1.77931e-02 3.63258e-02
16 1.19465e-02 3.52710e-02
17 5.28016e-02 3.45762e-02
18 3.19314e-01 3.42558e-02
19 1.07640e-03 3.37382e-02
20 2.38417e-02 4.17387e-02
21 4.46537e-02 3.21293e-02
22 4.24943e-03 3.21197e-02
23 1.42298e-02 3.25076e-02
24 1.45595e-02 3.21225e-02
25 7.69219e-02 3.21322e-02
26 5.07594e-02 3.56337e-02
27 6.31955e-02 3.40340e-02
28 5.05800e-03 3.89700e-02
29 2.82208e-02 4.41777e-02
30 1.46104e-03 3.93415e-02
31 2.16881e-03 3.50011e-02
32 9.07813e-03 3.42410e-02
33 5.60827e-02 3.72302e-02
34 3.43275e-02 3.28587e-02
35 6.99778e-02 3.22038e-02
36 3.59352e-03 3.02132e-02
37 4.69075e-03 3.14688e-02
38 4.61385e-03 3.45291e-02
39 1.49925e-02 3.52031e-02
40 1.67635e-02 3.05727e-02
41 4.89431e-02 3.21018e-02
42 1.05299e-01 3.37978e-02
43 1.91001e-03 3.39316e-02
44 1.92786e-01 4.42387e-02
45 6.42045e-02 3.13663e-02
46 6.11223e-02 3.13921e-02
47 7.05833e-03 3.22201e-02
48 6.79528e-03 3.21755e-02
49 5.36266e-02 3.11453e-02
50 3.42234e-02 3.30549e-02
51 1.29240e-02 3.26885e-02
52 1.79730e-02 3.61229e-02
53 1.87673e-03 3.20432e-02
54 8.67921e-02 3.84883e-02
55 7.57514e-03 3.14075e-02
56 2.03077e-02 3.16211e-02
57 1.34752e-03 3.45682e-02
58 5.82849e-03 3.79404e-02
59 4.48475e-03 3.28913e-02
60 6.36118e-03 3.16964e-02
61 2.33963e-03 3.19370e-02
62 2.28078e-02 2.92486e-02
63 5.92626e-03 3.44754e-02
64 1.00041e-03 3.24857e-02
65 4.46766e-03 3.48533e-02
66 3.05720e-02 2.95397e-02
67 5.54084e-03 3.51936e-02
68 7.15639e-03 3.29712e-02
69 1.58209e-02 3.15553e-02
70 4.12362e-03 3.12896e-02
71 8.23349e-03 3.31434e-02
72 2.38702e-02 3.38485e-02
73 4.06645e-02 3.72578e-02
74 2.83843e-03 3.03186e-02
75 1.71824e-03 3.40161e-02
76 2.97551e-02 3.88914e-02
77 6.25309e-03 3.38932e-02
78 1.84036e-02 3.24829e-02
79 2.84723e-03 3.77821e-02
80 1.47471e-02 3.10893e-02
81 2.18730e-03 3.33135e-02
82 2.91504e-02 3.42870e-02
83 4.02020e-04 3.06075e-02
84 1.92556e-03 3.94818e-02
85 2.83844e-03 3.23895e-02
86 4.86096e-02 3.78298e-02
87 9.32508e-03 3.52408e-02
88 1.62610e-01 3.17922e-02
89 3.30749e-03 3.27964e-02
90 1.88523e-03 3.07841e-02
91 2.12639e-03 3.10654e-02
92 1.04326e-02 3.03896e-02
93 2.13770e-02 3.56056e-02
94 1.89370e-03 3.50477e-02
95 8.95266e-02 3.88713e-02
96 6.08618e-02 3.27114e-02
97 1.92325e-03 4.10056e-02
98 5.76133e-04 3.05435e-02
99 8.40914e-04 3.30420e-02
100 4.89681e-03 3.15652e-02
101 3.29430e-02 3.95808e-02
102 3.22283e-02 3.19980e-02
103 1.35483e-03 3.04215e-02
104 6.79346e-03 3.53568e-02
105 1.70248e-02 3.13705e-02
106 4.08234e-03 3.24778e-02
107 3.04525e-02 3.14077e-02
108 1.07134e-01 3.10968e-02
109 2.48489e-03 3.21230e-02
110 2.28543e-02 2.99202e-02
111 8.22679e-03 2.88021e-02
112 4.20216e-04 3.11810e-02
113 7.77039e-03 3.32338e-02
114 2.85377e-02 3.55944e-02
115 7.22094e-02 3.25578e-02
116 1.25548e-01 3.60152e-02
117 2.11088e-03 2.98836e-02
118 2.14873e-03 3.21304e-02
119 3.70398e-02 3.59762e-02
120 2.29791e-02 3.02434e-02
121 3.42724e-03 2.95092e-02
122 1.25862e-02 3.20743e-02
123 1.43770e-01 3.24606e-02
124 3.06201e-02 3.63397e-02
125 5.15489e-03 3.67722e-02
126 2.90103e-02 4.67988e-02
127 2.34616e-03 3.11610e-02
128 1.72461e-02 3.33544e-02
129 1.95266e-02 4.24457e-02
130 1.06776e-02 3.13897e-02
131 6.17147e-02 3.57582e-02
132 4.78332e-02 4.41063e-02
133 1.65512e-01 3.57405e-02
134 2.50297e-02 3.52590e-02
135 9.96548e-04 3.03162e-02
136 7.93054e-03 3.10853e-02
137 6.34497e-03 3.03259e-02
138 1.78018e-02 3.41156e-02
139 9.41433e-03 3.46443e-02
140 5.89742e-03 3.83444e-02
141 2.34382e-03 3.82538e-02
142 1.18859e-02 3.61114e-02
143 1.66964e-03 3.36562e-02
144 8.11059e-03 3.30424e-02
145 7.51115e-03 3.28126e-02
146 7.81164e-03 3.15904e-02
147 4.89452e-02 3.75761e-02
148 4.20673e-02 3.55394e-02
149 4.97680e-03 3.05956e-02
150 6.13214e-03 3.31145e-02
151 1.42480e-02 3.05126e-02
152 2.93741e-02 3.54601e-02
153 6.33182e-03 3.26232e-02
154 8.71490e-03 3.07802e-02
155 2.22238e-02 3.38114e-02
156 7.58646e-04 3.17431e-02
157 4.13509e-03 3.28787e-02
158 8.29995e-03 3.97974e-02
159 6.58521e-04 3.40717e-02
160 1.15432e-02 3.45669e-02
161 4.85928e-04 3.70398e-02
162 4.27123e-02 3.10643e-02
163 6.36022e-03 3.21911e-02
164 1.15564e-03 3.76812e-02
165 1.00388e-02 3.89817e-02
166 8.51873e-03 2.99831e-02
167 4.02978e-02 3.70074e-02
168 1.03548e-01 3.12461e-02
169 3.12297e-03 3.16426e-02
170 2.76281e-02 3.90051e-02
171 3.14166e-03 3.44568e-02
172 1.73846e-02 3.55697e-02
173 1.11239e-03 3.31616e-02
174 1.67772e-03 2.95765e-02
175 1.20451e-02 3.18936e-02
176 2.82348e-03 3.32753e-02
177 1.43828e-01 3.21894e-02
178 3.81265e-02 3.75585e-02
179 4.02807e-03 3.19203e-02
180 5.11286e-03 3.59403e-02
181 4.03871e-02 3.27813e-02
182 2.63664e-03 3.42443e-02
183 2.91456e-03 4.06515e-02
184 1.37734e-02 3.40861e-02
185 9.34009e-03 3.45129e-02
186 1.27510e-03 3.02636e-02
187 1.42005e-02 3.77868e-02
188 2.33598e-02 3.33664e-02
189 2.86489e-01 3.51499e-02
190 7.26289e-02 4.49670e-02
191 1.66639e-02 2.98240e-02
192 2.69424e-03 3.47598e-02
193 7.17600e-03 3.37780e-02
194 1.10057e-03 4.25458e-02
195 1.51904e-03 3.00435e-02
196 3.43933e-03 3.58279e-02
197 5.41749e-04 2.97735e-02
198 8.57483e-03 3.25996e-02
199 2.75823e-04 3.18302e-02
0 4.72314e-03 2.88037e-02
1 2.90237e-02 2.87186e-02
2 1.24180e-01 2.85944e-02
3 9.39374e-03 2.81738e-02
4 8.67871e-04 2.88251e-02
5 1.69874e-02 2.81954e-02
6 3.10854e-02 2.81725e-02
7 1.42165e-02 2.90824e-02
8 3.52838e-03 2.99040e-02
9 7.49150e-03 2.89091e-02
10 3.81241e-03 2.99994e-02
11 2.60907e-02 2.98859e-02
12 8.63585e-03 2.88967e-02
13 8.68087e-03 3.00610e-02
14 1.08951e-03 2.82811e-02
15 6.23301e-03 2.87081e-02
16 6.62017e-03 2.97836e-02
17 1.01866e-03 2.88606e-02
18 1.20584e-02 2.90270e-02
19 4.77287e-04 2.91695e-02
20 2.12904e-02 2.87430e-02
21 4.95624e-03 2.91880e-02
22 1.40993e-03 2.91590e-02
23 2.74708e-03 2.91889e-02
24 3.29825e-03 2.88874e-02
25 2.17327e-03 2.88788e-02
26 1.09411e-03 2.88859e-02
27 6.35168e-03 2.92636e-02
28 2.22822e-03 2.88806e-02
29 2.41912e-04 2.98340e-02
30 7.77631e-03 2.86998e-02
31 1.83092e-02 2.96226e-02
32 1.69194e-03 2.86222e-02
33 2.30701e-02 2.90624e-02
34 4.46229e-03 2.90931e-02
35 2.92077e-03 3.04532e-02
36 7.09446e-03 2.97939e-02
37 1.67391e-03 2.95355e-02
38 1.49537e-02 3.05111e-02
39 7.57842e-04 2.96490e-02
40 1.10210e-01 2.92264e-02
41 1.11447e-03 2.92845e-02
42 5.76759e-02 3.06428e-02
43 1.58501e-02 2.93776e-02
44 1.12396e-02 3.04622e-02
45 3.52561e-03 3.09018e-02
46 1.12575e-02 3.00721e-02
47 1.33473e-03 3.16124e-02
48 2.22640e-02 2.98564e-02
49 1.43903e-03 2.97010e-02
50 2.23589e-03 3.02590e-02
51 7.56526e-03 2.96326e-02
52 1.17393e-02 2.95334e-02
53 5.72508e-03 3.02246e-02
54 1.43351e-03 2.95308e-02
55 2.33689e-03 3.02188e-02
56 7.74320e-03 3.02471e-02
57 3.43258e-02 2.95074e-02
58 8.68270e-04 3.01168e-02
59 2.53059e-02 2.96284e-02
60 2.68432e-03 2.93896e-02
61 4.10154e-03 2.96871e-02
62 1.11920e-02 2.97503e-02
63 1.31534e-02 2.92386e-02
64 3.74245e-02 2.97216e-02
65 7.10416e-03 3.01998e-02
66 6.31851e-03 2.96291e-02
67 4.89312e-03 2.90322e-02
68 1.11826e-03 2.91018e-02
69 7.63616e-04 2.98743e-02
70 7.14069e-04 3.00313e-02
71 4.47250e-03 3.03700e-02
72 9.02143e-03 2.93845e-02
73 5.50303e-04 2.99918e-02
74 1.04420e-02 2.97344e-02
75 5.49472e-03 3.00109e-02
76 1.76591e-03 3.02607e-02
77 4.87733e-03 2.94329e-02
78 1.81114e-03 3.01599e-02
79 5.74307e-03 2.95313e-02
80 6.65832e-03 3.00623e-02
81 4.90984e-03 2.96260e-02
82 1.00633e-03 2.94811e-02
83 1.85020e-02 2.94616e-02
84 1.35270e-03 2.92821e-02
85 1.95564e-02 2.95191e-02
86 1.02916e-03 2.91916e-02
87 7.84402e-03 2.99325e-02
88 1.52726e-03 3.07292e-02
89 1.29874e-03 2.94511e-02
90 2.47900e-03 2.93025e-02
91 2.81862e-03 2.92882e-02
92 1.92114e-03 2.95522e-02
93 4.95036e-03 3.08500e-02
94 5.30891e-03 2.94604e-02
95 1.54995e-03 2.93500e-02
96 2.18460e-02 3.09352e-02
97 1.47001e-03 2.97734e-02
98 4.67684e-03 2.88413e-02
99 7.25639e-03 2.95697e-02
100 2.74502e-03 3.04787e-02
101 1.62282e-03 2.97199e-02
102 2.79473e-03 2.92774e-02
103 1.17852e-02 2.95312e-02
104 1.36097e-03 2.95092e-02
105 3.89703e-03 2.99892e-02
106 7.23586e-04 2.95543e-02
107 9.66103e-04 2.89420e-02
108 2.53059e-04 3.00260e-02
109 2.74797e-03 2.99381e-02
110 6.52317e-04 3.03095e-02
111 2.01705e-03 2.96504e-02
112 2.29363e-03 2.98455e-02
113 1.82476e-03 2.99529e-02
114 4.23650e-04 2.93879e-02
115 4.46918e-03 2.93861e-02
116 8.86121e-03 2.91599e-02
117 2.50822e-03 3.00092e-02
118 8.05687e-03 2.98055e-02
119 1.13443e-02 2.97812e-02
120 1.10527e-03 3.05413e-02
121 9.64348e-04 3.00563e-02
122 5.12916e-03 3.01140e-02
123 3.07878e-04 3.04321e-02
124 3.08321e-03 3.09010e-02
125 1.65835e-03 3.02137e-02
126 1.91918e-02 3.03116e-02
127 2.02046e-03 3.06037e-02
128 5.91918e-02 3.05644e-02
129 1.97261e-03 2.99534e-02
130 5.13670e-03 3.09650e-02
131 4.79542e-03 3.05706e-02
132 1.19628e-03 3.02641e-02
133 7.61367e-04 2.98797e-02
134 3.86773e-04 3.00918e-02
135 2.11606e-02 3.12070e-02
136 1.45792e-03 3.07891e-02
137 3.88011e-02 3.10079e-02
138 2.42748e-04 2.98960e-02
139 3.04379e-03 2.97777e-02
140 2.87123e-03 3.07032e-02
141 1.01730e-02 3.08927e-02
142 4.63645e-03 3.02439e-02
143 1.12333e-02 3.00232e-02
144 1.90800e-03 3.01698e-02
145 6.24182e-03 3.11726e-02
146 4.68910e-03 3.05916e-02
147 4.41863e-03 2.98988e-02
148 4.86637e-04 3.01648e-02
149 5.45576e-03 3.06744e-02
150 3.00877e-04 3.00317e-02
151 9.81672e-03 3.00899e-02
152 1.13360e-03 3.11413e-02
153 4.02466e-02 3.15069e-02
154 5.63209e-03 3.02418e-02
155 1.64960e-03 3.01169e-02
156 9.99644e-03 3.02845e-02
157 9.99335e-04 3.04087e-02
158 6.83609e-03 3.14413e-02
159 4.06691e-04 3.00657e-02
160 3.38713e-02 3.01028e-02
161 1.05800e-03 2.99976e-02
162 9.18634e-03 3.02756e-02
163 4.80486e-03 2.99674e-02
164 3.30852e-03 3.02540e-02
165 6.25263e-04 3.04067e-02
166 4.48038e-03 3.02486e-02
167 1.34430e-03 3.08146e-02
168 5.82412e-03 3.07018e-02
169 7.30307e-04 3.03862e-02
170 2.69592e-02 3.03925e-02
171 1.46907e-02 2.94832e-02
172 2.51140e-02 2.97716e-02
173 7.48185e-03 3.06068e-02
174 1.80465e-02 3.00324e-02
175 1.59841e-02 2.95814e-02
176 3.68910e-03 3.03992e-02
177 2.13342e-03 3.11391e-02
178 2.23307e-02 3.03979e-02
179 1.83962e-03 2.98376e-02
180 7.42799e-04 3.03759e-02
181 7.46916e-03 3.00329e-02
182 8.39567e-04 3.02442e-02
183 8.88857e-04 3.05011e-02
184 2.60646e-03 2.97263e-02
185 1.56750e-03 3.02215e-02
186 2.93551e-04 3.07892e-02
187 6.16764e-03 3.05524e-02
188 2.57998e-03 3.12248e-02
189 1.70577e-03 3.00526e-02
190 5.54121e-03 3.06791e-02
191 2.88913e-03 3.02477e-02
192 1.81471e-03 2.98683e-02
193 4.93441e-03 3.01420e-02
194 2.35263e-03 3.00349e-02
195 1.33703e-02 3.07589e-02
196 8.05907e-04 3.01476e-02
197 5.73189e-03 3.10959e-02
198 1.03613e-02 3.03431e-02
199 8.44623e-04 3.06640e-02
0 8.39461e-04 3.03853e-02
1 3.46983e-03 2.99497e-02
2 7.69761e-03 3.00519e-02
3 1.53228e-02 3.00967e-02
4 1.14991e-03 3.00804e-02
5 2.75327e-03 2.98898e-02
6 3.87486e-03 3.01353e-02
7 1.96751e-04 2.98146e-02
8 5.76457e-03 3.00607e-02
9 2.32854e-03 3.01122e-02
10 6.92210e-04 2.98852e-02
11 2.29887e-03 2.98428e-02
12 2.43189e-03 2.98283e-02
13 1.27310e-02 3.01206e-02
14 2.41908e-03 2.95253e-02
15 4.25089e-03 2.98615e-02
16 1.66629e-03 2.98613e-02
17 4.32628e-04 2.99454e-02
18 1.76800e-04 2.97527e-02
19 1.28423e-03 3.01173e-02
20 1.58150e-03 3.01113e-02
21 3.40563e-03 2.99434e-02
22 3.76894e-04 3.02455e-02
23 1.57732e-02 3.01649e-02
24 1.15552e-03 3.04063e-02
25 3.40247e-04 3.00475e-02
26 1.61748e-03 2.98643e-02
27 9.37130e-04 2.98195e-02
28 1.56466e-03 2.96676e-02
29 8.85707e-03 2.95037e-02
30 3.82497e-03 2.94593e-02
31 3.77625e-02 2.96927e-02
32 6.55918e-04 2.97053e-02
33 4.14632e-03 2.96843e-02
34 1.23475e-02 2.97968e-02
35 2.17955e-03 2.98332e-02
36 1.04506e-03 2.99364e-02
37 6.73800e-04 3.00706e-02
38 2.09308e-04 3.01161e-02
39 3.41556e-04 2.96448e-02
40 4.13129e-03 2.99484e-02
41 1.46934e-03 2.93362e-02
42 8.00026e-04 2.96912e-02
43 9.00653e-04 2.99891e-02
44 2.51654e-02 2.99675e-02
45 4.16331e-03 2.99967e-02
46 1.75789e-03 3.00458e-02
47 3.97719e-03 2.98401e-02
48 1.31673e-03 2.97584e-02
49 2.34223e-03 2.97878e-02
50 4.08829e-04 2.98732e-02
51 5.21893e-03 2.95845e-02
52 8.48993e-03 2.97635e-02
53 2.15308e-03 2.96848e-02
54 1.83116e-02 2.95915e-02
55 1.82153e-03 2.99484e-02
56 5.60173e-03 2.98930e-02
57 5.30360e-03 2.96258e-02
58 4.62829e-03 2.99737e-02
59 3.76889e-03 3.04649e-02
60 1.16957e-03 2.99621e-02
61 3.12698e-03 3.01860e-02
62 2.73522e-03 2.97314e-02
63 3.08141e-03 2.98278e-02
64 2.74922e-03 2.98673e-02
65 2.30529e-02 3.04967e-02
66 6.65401e-04 3.00912e-02
67 3.18916e-03 3.03028e-02
68 1.64831e-03 2.97677e-02
69 4.34865e-03 3.00079e-02
70 1.15424e-03 3.04104e-02
71 2.57436e-03 2.99453e-02
72 1.05579e-03 3.02013e-02
73 1.71963e-03 3.00454e-02
74 2.32482e-02 3.02157e-02
75 2.34943e-03 2.97553e-02
76 1.68123e-02 3.01836e-02
77 1.53719e-03 3.03326e-02
78 8.09036e-04 3.01579e-02
79 2.60858e-03 3.01840e-02
80 1.00911e-03 3.03212e-02
81 5.36161e-03 3.05050e-02
82 2.02094e-03 3.03999e-02
83 4.43944e-03 3.03910e-02
84 9.06877e-03 3.06937e-02
85 1.17984e-02 3.05327e-02
86 2.72442e-04 3.07245e-02
87 1.75039e-02 3.02520e-02
88 1.18758e-03 3.04467e-02
89 1.31085e-03 3.04417e-02
90 2.04150e-03 3.08044e-02
91 5.22510e-03 3.02524e-02
92 2.99074e-03 3.02411e-02
93 7.96307e-04 2.99563e-02
94 4.48652e-03 3.04846e-02
95 4.56094e-03 3.01416e-02
96 2.78471e-02 3.03632e-02
97 2.38457e-03 3.05696e-02
98 2.08576e-03 3.05775e-02
99 3.05072e-02 3.06898e-02
100 4.12220e-03 3.01278e-02
101 3.46633e-03 3.06402e-02
102 7.13130e-03 3.02039e-02
103 2.34667e-03 3.03114e-02
104 1.68315e-03 3.05334e-02
105 1.13264e-03 3.01652e-02
106 5.73639e-03 3.03774e-02
107 1.32437e-03 3.03081e-02
108 2.59912e-03 3.04610e-02
109 9.96656e-04 3.04954e-02
110 1.29873e-02 3.06619e-02
111 8.59739e-03 3.02487e-02
112 1.29948e-03 3.07377e-02
113 2.85137e-03 3.07069e-02
114 9.11493e-03 3.05584e-02
115 2.30937e-03 3.00893e-02
116 2.64823e-03 3.01224e-02
117 4.49448e-04 3.04481e-02
118 4.36001e-03 3.09234e-02
119 2.18432e-03 3.09233e-02
120 1.80427e-02 3.11347e-02
121 7.89382e-03 3.08578e-02
122 5.96677e-03 3.08183e-02
123 1.09303e-03 3.10996e-02
124 1.91296e-04 3.06901e-02
125 1.35309e-03 3.04507e-02
126 6.24076e-03 3.07302e-02
127 2.71904e-02 3.06578e-02
128 6.64702e-04 3.08334e-02
129 1.04599e-03 3.05100e-02
130 5.41548e-03 3.03805e-02
131 2.08167e-04 3.07494e-02
132 4.37226e-03 3.03524e-02
133 5.52255e-02 3.10728e-02
134 4.85105e-03 3.07882e-02
135 5.50669e-04 3.07831e-02
136 1.41846e-02 3.08166e-02
137 4.06271e-03 2.99301e-02
138 1.15139e-03 3.07863e-02
139 4.17550e-03 3.01850e-02
140 9.64466e-03 3.04620e-02
141 2.54862e-02 3.04557e-02
142 8.02562e-04 3.03271e-02
143 3.80005e-04 3.04218e-02
144 1.83380e-03 3.02736e-02
145 1.28428e-03 3.01593e-02
146 2.65999e-04 2.99299e-02
147 6.74663e-04 3.03980e-02
148 1.99418e-02 3.02947e-02
149 9.34787e-03 3.05395e-02
150 2.77996e-03 2.99118e-02
151 1.46315e-03 2.99221e-02
152 3.68361e-04 3.00136e-02
153 3.08213e-03 2.97469e-02
154 1.84319e-03 3.03079e-02
155 3.02616e-03 3.05384e-02
156 3.35290e-03 3.03436e-02
157 8.74877e-04 3.06811e-02
158 2.36536e-03 3.04405e-02
159 2.79822e-03 3.05640e-02
160 5.89746e-03 3.01569e-02
161 2.77269e-03 3.04029e-02
162 3.04983e-03 3.02231e-02
163 3.47279e-04 3.03736e-02
164 9.03770e-04 3.02445e-02
165 1.21449e-03 3.03307e-02
166 4.32593e-03 3.06800e-02
167 2.62639e-03 3.03513e-02
168 6.00835e-04 3.00607e-02
169 1.28713e-03 3.02025e-02
170 3.48806e-03 2.96680e-02
171 3.19220e-03 2.96867e-02
172 6.35423e-03 3.02807e-02
173 2.23394e-03 2.96723e-02
174 1.00614e-02 3.03754e-02
175 1.98553e-03 3.02481e-02
176 4.38613e-03 3.07086e-02
177 7.53867e-04 3.04322e-02
178 1.02243e-03 3.09585e-02
179 1.79974e-03 3.04669e-02
180 1.84504e-02 3.00558e-02
181 2.50772e-03 3.07380e-02
182 1.44403e-03 3.03617e-02
183 1.64257e-02 3.05309e-02
184 1.66654e-04 3.07291e-02
185 2.04149e-04 3.04067e-02
186 7.54394e-03 3.02629e-02
187 9.87007e-04 3.06555e-02
188 2.33451e-03 3.04574e-02
189 1.45242e-03 3.04008e-02
190 4.28704e-03 3.04865e-02
191 7.72882e-03 3.06011e-02
192 7.86120e-03 3.07996e-02
193 1.08612e-03 3.09019e-02
194 9.66763e-04 3.05296e-02
195 3.84955e-02 3.02232e-02
196 1.92662e-03 3.04307e-02
197 4.71940e-03 3.02858e-02
198 1.46485e-02 3.03948e-02
199 3.87603e-04 3.03232e-02
