0 4.36171e+00 1.04755e+00
1 8.84188e-01 5.49882e-01
2 1.51725e+00 5.26987e-01
3 1.49220e+00 5.77264e-01
4 1.73294e+00 6.08560e-01
5 2.70780e+00 4.84108e-01
6 2.11112e+00 4.14573e-01
7 4.71761e+00 6.03208e-01
8 1.71766e+00 5.47725e-01
9 7.78576e-01 4.22733e-01
10 1.46592e+00 3.99726e-01
11 2.12558e+00 4.82180e-01
12 9.10869e-01 3.97602e-01
13 1.74355e+00 3.93837e-01
14 7.29321e-01 2.72561e-01
15 8.62145e-01 4.69388e-01
16 1.77816e+00 3.46496e-01
17 1.25224e+00 3.62373e-01
18 4.23489e+00 3.94628e-01
19 2.68592e-01 4.29212e-01
20 3.25213e-01 4.20245e-01
21 2.52763e+00 2.62057e-01
22 9.92192e-01 2.88538e-01
23 1.67859e+00 3.16752e-01
24 9.95506e-01 5.15363e-01
25 5.38927e-01 3.35065e-01
26 4.94539e-01 3.79439e-01
27 1.06272e+00 3.76544e-01
28 9.71412e-01 4.29204e-01
29 5.81052e-01 5.23798e-01
30 5.16686e-01 4.58601e-01
31 4.63674e-01 3.92405e-01
32 1.56558e+00 3.63267e-01
33 9.26505e-01 2.63364e-01
34 1.48352e+00 3.19917e-01
35 4.09509e-01 2.56776e-01
36 4.70216e-01 4.39320e-01
37 6.79244e-01 3.19985e-01
38 1.30627e+00 3.33217e-01
39 7.07049e-01 3.18583e-01
40 7.68762e-01 3.25626e-01
41 1.10568e+00 3.65892e-01
42 2.08801e+00 3.31935e-01
43 3.51097e-01 3.62739e-01
44 5.69352e-01 2.53884e-01
45 9.06396e-01 2.80046e-01
46 5.15326e-01 3.29552e-01
47 1.39783e+00 3.01291e-01
48 7.29825e-01 2.42154e-01
49 5.08295e-01 3.01150e-01
50 5.19082e-01 3.53296e-01
51 1.97122e-01 2.89669e-01
52 1.52041e+00 2.99066e-01
53 4.10903e-01 2.52541e-01
54 1.28540e+00 2.52575e-01
55 9.27985e-01 3.01312e-01
56 7.92810e-01 3.32783e-01
57 8.33518e-01 2.09733e-01
58 1.18918e-01 3.11721e-01
59 3.27177e-01 1.68562e-01
60 2.25865e+00 2.31911e-01
61 2.32291e-01 2.64156e-01
62 7.20539e-01 2.43128e-01
63 1.06904e+00 2.33430e-01
64 2.46089e-01 2.39013e-01
65 2.47707e-01 3.01576e-01
66 4.51617e-01 2.76628e-01
67 8.11086e-01 1.90533e-01
68 1.69191e-01 2.62318e-01
69 8.72825e-01 1.96124e-01
70 1.33679e+00 3.08787e-01
71 5.25434e-01 2.28465e-01
72 9.46613e-01 2.53993e-01
73 8.58976e-01 3.69071e-01
74 2.78842e-01 2.16731e-01
75 6.00337e-01 3.12702e-01
76 3.63871e-01 2.06310e-01
77 2.07672e-01 2.96969e-01
78 7.84730e-01 2.77745e-01
79 3.90640e-01 1.71014e-01
80 6.14981e-01 2.56121e-01
81 2.28391e-01 2.37668e-01
82 3.66227e-01 1.95678e-01
83 5.58984e-01 2.46439e-01
84 3.38500e-01 2.81334e-01
85 3.09880e-01 1.83203e-01
86 7.57776e-01 2.71670e-01
87 1.44802e+00 2.46247e-01
88 5.24709e-01 2.73107e-01
89 1.06663e+00 2.85515e-01
90 7.92537e-01 2.24517e-01
91 2.36224e-01 2.41017e-01
92 5.22711e-01 2.30862e-01
93 5.29823e-01 2.24668e-01
94 4.57949e-01 2.01211e-01
95 1.20966e+00 1.69759e-01
96 2.94453e-01 2.19036e-01
97 4.38286e-01 2.54614e-01
98 7.09827e-01 2.76178e-01
99 2.97085e-01 2.42611e-01
100 5.78346e-01 1.69688e-01
101 5.18278e-01 2.45482e-01
102 8.82512e-01 2.07374e-01
103 7.80642e-02 3.41939e-01
104 1.10202e+00 2.60698e-01
105 1.33572e+00 2.14403e-01
106 2.13873e-01 1.82043e-01
107 3.33464e-01 1.58634e-01
108 6.91904e-01 2.62514e-01
109 6.76338e-02 2.01731e-01
110 2.55776e-01 1.71340e-01
111 6.53445e-01 2.11766e-01
112 5.04428e-02 2.69554e-01
113 4.00763e-01 2.56732e-01
114 1.07250e+00 2.88741e-01
115 3.84863e-01 2.41440e-01
116 9.10194e-01 1.97268e-01
117 2.89139e-01 3.11578e-01
118 1.08250e-01 2.54707e-01
119 5.20313e-01 1.84840e-01
120 4.73892e-01 2.30065e-01
121 1.59166e-01 1.68828e-01
122 4.67631e-01 1.86805e-01
123 2.76517e-01 1.75264e-01
124 1.18488e+00 2.30357e-01
125 7.61102e-01 1.75817e-01
126 3.52550e-01 1.80452e-01
127 3.88079e-01 1.87455e-01
128 8.81813e-01 2.20794e-01
129 1.67090e+00 2.48516e-01
130 4.19750e-01 1.82768e-01
131 5.73023e-01 3.56285e-01
132 2.27934e-01 1.66999e-01
133 5.21047e-02 1.50409e-01
134 6.39731e-01 1.73506e-01
135 2.53599e-01 2.15056e-01
136 2.95283e-01 2.11342e-01
137 3.77405e-01 3.72381e-01
138 3.14457e-01 2.50419e-01
139 2.22489e-01 2.37743e-01
140 7.89289e-01 1.93171e-01
141 3.76288e-01 1.92458e-01
142 2.62841e-01 1.38122e-01
143 9.81123e-01 1.84335e-01
144 7.10086e-01 2.98677e-01
145 5.75951e-01 1.58827e-01
146 1.18912e+00 2.13665e-01
147 9.88440e-01 2.52316e-01
148 1.59192e-01 1.57984e-01
149 3.59197e-01 1.85716e-01
150 9.20293e-02 1.77903e-01
151 1.84249e+00 1.92158e-01
152 4.32870e-01 2.48650e-01
153 7.98711e-02 2.18407e-01
154 4.91337e-02 2.32323e-01
155 6.37324e-02 1.80868e-01
156 1.40927e+00 1.87689e-01
157 8.03606e-01 1.90250e-01
158 1.44232e-01 1.73867e-01
159 4.35689e-01 1.37043e-01
160 4.18305e-01 1.80369e-01
161 9.83763e-02 2.23879e-01
162 1.10098e-01 3.61897e-01
163 3.93176e-01 1.89064e-01
164 4.36515e-01 2.12276e-01
165 1.27738e-01 1.22825e-01
166 5.55238e-01 1.75304e-01
167 3.86338e+00 2.08470e-01
168 1.68352e+00 1.84871e-01
169 5.49861e-01 2.21405e-01
170 2.56828e-01 1.93298e-01
171 1.19391e+00 2.55120e-01
172 5.97680e-01 1.65779e-01
173 1.27763e+00 2.49535e-01
174 1.85868e-01 2.07239e-01
175 2.71670e-01 2.34466e-01
176 2.90915e-01 3.17040e-01
177 2.83298e-01 1.79740e-01
178 4.60166e-01 1.57970e-01
179 2.50813e-01 2.03894e-01
180 1.60730e+00 2.09790e-01
181 7.71233e-01 1.19013e-01
182 5.63858e-01 1.96994e-01
183 7.12063e-01 1.30129e-01
184 1.46853e+00 1.50487e-01
185 2.99040e-01 2.61159e-01
186 4.06072e-01 2.04799e-01
187 5.14807e-01 2.31878e-01
188 9.47586e-01 1.53396e-01
189 1.30766e-01 1.71721e-01
190 3.80316e-01 2.02593e-01
191 3.24005e-01 2.16388e-01
192 1.17622e+00 1.43001e-01
193 3.62419e-01 1.54660e-01
194 1.64340e+00 1.88666e-01
195 5.10316e-01 1.40522e-01
196 1.75048e-01 1.97144e-01
197 7.16670e-01 1.49997e-01
198 3.13663e-01 2.14605e-01
199 4.97622e-01 1.34789e-01
0 1.31575e-01 1.42616e-01
1 7.31242e-01 1.99183e-01
2 6.58306e-02 1.19913e-01
3 5.74247e-01 1.18128e-01
4 2.42529e-01 1.39294e-01
5 4.16316e-01 1.63359e-01
6 9.86243e-01 1.48756e-01
7 2.94116e-01 1.62207e-01
8 4.37804e-01 1.66833e-01
9 4.30090e-01 1.49393e-01
10 6.40843e-02 1.56384e-01
11 2.62092e-01 1.73727e-01
12 9.74659e-01 1.76448e-01
13 1.16874e-01 1.24370e-01
14 3.83454e-01 1.53892e-01
15 1.31774e-01 1.19881e-01
16 1.64812e-01 1.20647e-01
17 2.74704e-01 1.07162e-01
18 4.06656e-01 1.45134e-01
19 5.53242e-01 1.15615e-01
20 8.92717e-02 1.73332e-01
21 1.52350e-02 9.99584e-02
22 5.79857e-01 1.44807e-01
23 5.23256e-01 1.47279e-01
24 3.87283e-01 1.32865e-01
25 6.37495e-02 1.23141e-01
26 3.05572e-01 1.43298e-01
27 2.71229e-02 1.41617e-01
28 2.97228e-02 9.58082e-02
29 5.53198e-01 1.39539e-01
30 1.33466e-01 1.17752e-01
31 1.45716e-02 1.03805e-01
32 5.71907e-01 1.86386e-01
33 6.93104e-02 1.21634e-01
34 4.13000e-01 1.08606e-01
35 2.45321e-01 1.36590e-01
36 2.06427e-01 1.20431e-01
37 4.78473e-01 1.23163e-01
38 7.79748e-02 1.26812e-01
39 1.21169e-02 1.55984e-01
40 2.03084e-01 1.12941e-01
41 1.86495e-01 1.08664e-01
42 9.57271e-02 1.37710e-01
43 2.54594e-01 1.07566e-01
44 4.83906e-02 1.56803e-01
45 2.14683e-01 1.27298e-01
46 6.67427e-01 1.36902e-01
47 2.25597e-01 1.03195e-01
48 4.01968e-01 1.20316e-01
49 2.07364e-01 1.23572e-01
50 1.70024e-01 1.61347e-01
51 9.00008e-02 1.11963e-01
52 7.31825e-01 1.43773e-01
53 2.67293e-01 1.44922e-01
54 2.96765e-01 1.79714e-01
55 2.39135e-01 1.73792e-01
56 4.49764e-02 1.75569e-01
57 5.41232e-01 1.33640e-01
58 2.49543e-01 1.50632e-01
59 1.72546e-01 1.29703e-01
60 3.55971e-02 1.46355e-01
61 5.80306e-01 1.81144e-01
62 5.61113e-02 1.22014e-01
63 6.41127e-02 1.66933e-01
64 8.23608e-02 1.18826e-01
65 6.88186e-02 1.08855e-01
66 2.42267e-01 1.22131e-01
67 9.41021e-01 1.61127e-01
68 7.43324e-01 1.01126e-01
69 5.16135e-01 1.36907e-01
70 5.59602e-01 1.20587e-01
71 3.23916e-01 1.15100e-01
72 3.91556e-01 1.13299e-01
73 8.32142e-02 1.01678e-01
74 4.35953e-02 1.07698e-01
75 8.41011e-02 1.37597e-01
76 6.16905e-01 1.33998e-01
77 1.87281e-01 1.19239e-01
78 1.28322e-01 9.15068e-02
79 3.89322e-01 1.08171e-01
80 3.48198e-01 1.41784e-01
81 1.71665e-01 1.25263e-01
82 3.55648e-01 1.20127e-01
83 1.09730e+00 9.20015e-02
84 6.19958e-01 1.45932e-01
85 7.74568e-02 1.06224e-01
86 4.76778e-01 1.00310e-01
87 7.56120e-02 1.62808e-01
88 2.10233e-01 9.92162e-02
89 6.81101e-01 1.75400e-01
90 5.83059e-01 1.09772e-01
91 2.30984e-02 1.15142e-01
92 7.44482e-02 1.17331e-01
93 4.07557e-01 1.29725e-01
94 2.78900e-01 1.12231e-01
95 1.42379e+00 1.18917e-01
96 2.58875e-01 1.21085e-01
97 1.66233e-01 1.21040e-01
98 4.73987e-01 1.18448e-01
99 3.17070e-01 1.21732e-01
100 7.93728e-01 1.25903e-01
101 4.46376e-02 9.08348e-02
102 4.85176e-01 1.51599e-01
103 2.67801e-01 1.65236e-01
104 2.23974e-01 1.20030e-01
105 1.13625e-01 1.33907e-01
106 3.50081e-02 1.41768e-01
107 2.78076e-01 1.34583e-01
108 1.55584e-01 1.08706e-01
109 1.82843e-02 1.05693e-01
110 5.97722e-02 1.46270e-01
111 2.25451e-01 1.25650e-01
112 3.40430e-01 1.03986e-01
113 8.01472e-01 1.53747e-01
114 1.54428e-02 1.08130e-01
115 1.92854e-01 1.30167e-01
116 3.43989e-01 1.45984e-01
117 8.34832e-02 1.00891e-01
118 1.18116e-01 1.08057e-01
119 4.28173e-03 1.14809e-01
120 1.58084e-01 1.40404e-01
121 2.50836e-02 9.41127e-02
122 1.95428e-01 1.22340e-01
123 1.08711e-02 9.45013e-02
124 1.92333e-01 1.40338e-01
125 1.32416e-01 1.28459e-01
126 2.63694e-01 9.13702e-02
127 1.10636e-01 1.52540e-01
128 2.50286e-02 1.03988e-01
129 1.38631e-02 1.18225e-01
130 5.74102e-01 1.34032e-01
131 2.99412e-01 1.10919e-01
132 3.79524e-01 1.20311e-01
133 4.76409e-01 1.42766e-01
134 1.81278e-01 8.47012e-02
135 7.25316e-01 1.34954e-01
136 2.05674e-01 1.10404e-01
137 1.23687e-01 1.50774e-01
138 1.88092e-01 1.26884e-01
139 1.82558e-01 1.06211e-01
140 8.48872e-02 1.28756e-01
141 2.79418e-02 1.05884e-01
142 2.09665e-01 1.03381e-01
143 2.08875e-01 1.34129e-01
144 2.24477e-01 1.23826e-01
145 4.89655e-02 1.29286e-01
146 2.93550e-01 1.61998e-01
147 2.12789e-01 1.09609e-01
148 1.57147e-01 1.17427e-01
149 1.06350e-01 1.25823e-01
150 1.71048e-01 9.28862e-02
151 3.45652e-01 1.07124e-01
152 1.01237e-01 9.82762e-02
153 2.44457e-01 1.10417e-01
154 3.80278e-01 9.55279e-02
155 1.01069e-01 1.42041e-01
156 4.23947e-01 1.57930e-01
157 1.34905e-01 1.07448e-01
158 3.96868e-01 1.05898e-01
159 5.23636e-01 1.40767e-01
160 1.58883e-01 1.13307e-01
161 1.53413e-01 1.31470e-01
162 1.93220e-01 1.23314e-01
163 3.21789e-01 1.16371e-01
164 4.83845e-01 1.17404e-01
165 1.47922e+00 1.68346e-01
166 4.19910e-01 1.47621e-01
167 4.56802e-01 1.29482e-01
168 1.80131e-01 1.35507e-01
169 3.15480e-01 1.10609e-01
170 5.45297e-02 1.46246e-01
171 2.55195e-01 1.49294e-01
172 3.84991e-01 1.11371e-01
173 4.61970e-02 1.30964e-01
174 2.21863e-01 1.09495e-01
175 9.85848e-01 1.38850e-01
176 1.53885e-01 1.22605e-01
177 1.01504e-01 1.19983e-01
178 1.53940e-01 1.58791e-01
179 2.32570e-01 1.02582e-01
180 4.60240e-01 1.03552e-01
181 2.96782e-01 1.06393e-01
182 6.98480e-02 1.12129e-01
183 5.28188e-01 1.66169e-01
184 3.05701e-01 1.79139e-01
185 2.19307e-01 1.22455e-01
186 8.37792e-02 9.76403e-02
187 9.33035e-02 9.98421e-02
188 3.46160e-01 1.02717e-01
189 6.12057e-01 1.17304e-01
190 2.45634e-01 1.26558e-01
191 1.50438e-01 1.77256e-01
192 2.90169e-01 1.37673e-01
193 2.30201e-01 1.12081e-01
194 2.10511e-01 1.04204e-01
195 1.16132e+00 1.52978e-01
196 4.36128e-01 1.44685e-01
197 1.43204e-01 1.07520e-01
198 1.86993e-01 1.11036e-01
199 2.46652e-02 7.75700e-02
0 7.55147e-02 6.08098e-02
1 5.71759e-02 5.41201e-02
2 2.70587e-02 5.71976e-02
3 2.31922e-02 5.25248e-02
4 2.23699e-02 5.16573e-02
5 2.02667e-03 5.19960e-02
6 1.10295e-01 4.85357e-02
7 1.83861e-02 4.85131e-02
8 2.02654e-03 4.82728e-02
9 3.29902e-03 4.90913e-02
10 6.63971e-02 4.83097e-02
11 1.16332e-02 4.78633e-02
12 5.59236e-02 5.47035e-02
13 3.30569e-02 4.60702e-02
14 4.18281e-01 4.71086e-02
15 2.29237e-02 4.74977e-02
16 8.90560e-03 4.66484e-02
17 2.78931e-02 4.79786e-02
18 2.26153e-03 4.78735e-02
19 2.16654e-02 4.97143e-02
20 1.37776e-02 5.01366e-02
21 7.11080e-02 4.90244e-02
22 1.97047e-03 4.60892e-02
23 4.44089e-02 4.36145e-02
24 2.09220e-02 4.65366e-02
25 4.97458e-02 4.35257e-02
26 1.07124e-03 5.29565e-02
27 4.53298e-03 4.51471e-02
28 2.11491e-01 4.94242e-02
29 9.39944e-02 5.15899e-02
30 1.63311e-02 5.35101e-02
31 2.39661e-02 4.32111e-02
32 4.77094e-02 4.70810e-02
33 5.92888e-02 4.35414e-02
34 3.16062e-02 4.41001e-02
35 1.95145e-03 5.11431e-02
36 1.85682e-02 4.08332e-02
37 2.85991e-02 4.68995e-02
38 2.40639e-04 4.96339e-02
39 3.01034e-03 4.20564e-02
40 2.64766e-02 4.69099e-02
41 9.89699e-03 4.25030e-02
42 1.72977e-02 4.54842e-02
43 1.08314e-02 4.16364e-02
44 1.16517e-02 4.48440e-02
45 3.20920e-02 4.26353e-02
46 9.94595e-03 4.41539e-02
47 1.16676e-03 4.15567e-02
48 1.84829e-02 4.21603e-02
49 1.38725e-02 4.35135e-02
50 6.96434e-03 3.97511e-02
51 1.38671e-02 4.25372e-02
52 3.97600e-02 3.88025e-02
53 2.06026e-02 3.96265e-02
54 2.99969e-02 4.16337e-02
55 1.89787e-02 4.18463e-02
56 2.26084e-02 4.30822e-02
57 2.14878e-02 4.62568e-02
58 3.42414e-03 4.02199e-02
59 3.96311e-02 4.33006e-02
60 1.32710e-02 5.51762e-02
61 3.53283e-02 5.48416e-02
62 3.63389e-03 3.95926e-02
63 3.79614e-03 3.96017e-02
64 6.23402e-03 4.62747e-02
65 3.99120e-03 4.53902e-02
66 4.36674e-02 4.59089e-02
67 3.53551e-02 3.88026e-02
68 4.62852e-03 4.34351e-02
69 2.31942e-01 4.19429e-02
70 4.96979e-03 4.38006e-02
71 1.51406e-02 3.94763e-02
72 1.70811e-03 3.82151e-02
73 3.70283e-02 4.36019e-02
74 7.97899e-02 4.30718e-02
75 9.33278e-03 4.73175e-02
76 1.27067e-02 4.49899e-02
77 4.12667e-02 4.19975e-02
78 1.22098e-03 4.44114e-02
79 2.91744e-03 4.00208e-02
80 7.62918e-02 4.37138e-02
81 8.14927e-03 4.97246e-02
82 6.04854e-02 4.24001e-02
83 1.06958e-02 3.80371e-02
84 2.40142e-03 4.17490e-02
85 1.91678e-02 4.07799e-02
86 3.51892e-01 4.25039e-02
87 4.46848e-03 4.34976e-02
88 6.53836e-03 5.12669e-02
89 1.82400e-02 4.52867e-02
90 1.98277e-02 4.06172e-02
91 1.37980e-01 3.90188e-02
92 7.24606e-03 4.49977e-02
93 9.53955e-03 3.80282e-02
94 6.72127e-03 4.52669e-02
95 6.01207e-03 3.84453e-02
96 2.02233e-02 3.99908e-02
97 2.23618e-03 3.92710e-02
98 1.56272e-02 4.04636e-02
99 1.65020e-02 4.37722e-02
100 2.54003e-03 3.93198e-02
101 2.99870e-02 4.49366e-02
102 2.06475e-02 4.20179e-02
103 6.80310e-03 3.72245e-02
104 4.24218e-03 3.71106e-02
105 1.83438e-02 4.06961e-02
106 3.52690e-03 3.73710e-02
107 8.20771e-02 4.59725e-02
108 6.51987e-03 4.14111e-02
109 1.32711e-02 3.96163e-02
110 1.21200e-02 4.09573e-02
111 7.15954e-02 4.08769e-02
112 1.36783e-02 4.53046e-02
113 2.97848e-02 3.84449e-02
114 4.57541e-03 3.89053e-02
115 4.03062e-03 4.11366e-02
116 1.94872e-03 3.87464e-02
117 8.90153e-02 4.11277e-02
118 2.92152e-02 4.45565e-02
119 4.88801e-02 4.21549e-02
120 1.52556e-02 4.91469e-02
121 5.96029e-03 4.50152e-02
122 3.09668e-02 3.98414e-02
123 2.96558e-02 3.95595e-02
124 1.31141e-01 3.63561e-02
125 9.90385e-02 3.75774e-02
126 3.35199e-02 4.08157e-02
127 1.35657e-02 4.11126e-02
128 3.12031e-02 3.95621e-02
129 4.59249e-03 4.01622e-02
130 2.53967e-02 4.16561e-02
131 6.32192e-01 3.99672e-02
132 7.69193e-04 3.83668e-02
133 7.13431e-03 4.28772e-02
134 5.06504e-03 4.17943e-02
135 1.86388e-03 3.99418e-02
136 1.32730e-01 4.24242e-02
137 2.58722e-02 4.66030e-02
138 1.17610e-02 4.18291e-02
139 4.28680e-02 4.02602e-02
140 1.66700e-02 4.20220e-02
141 2.08773e-02 4.26043e-02
142 2.96321e-02 3.79070e-02
143 2.47758e-03 4.10065e-02
144 6.19722e-02 4.36220e-02
145 2.86780e-01 4.11064e-02
146 4.49649e-03 4.37352e-02
147 7.05878e-03 4.07924e-02
148 5.70401e-02 4.07807e-02
149 2.89385e-02 4.59103e-02
150 1.79494e-02 3.98657e-02
151 1.49267e-03 4.41327e-02
152 2.46974e-02 4.68547e-02
153 2.67349e-02 3.84496e-02
154 4.36144e-02 3.89519e-02
155 4.56496e-03 4.37247e-02
156 6.03806e-02 4.57927e-02
157 9.68445e-03 3.87894e-02
158 1.78965e-02 4.37780e-02
159 4.15323e-02 3.86431e-02
160 4.08998e-02 4.24487e-02
161 1.08201e-03 4.69925e-02
162 2.02803e-03 3.99117e-02
163 4.92214e-02 4.36004e-02
164 2.19132e-02 4.18308e-02
165 7.08736e-04 3.87749e-02
166 2.53901e-03 4.26710e-02
167 1.37593e-01 4.64873e-02
168 8.56963e-03 4.29456e-02
169 3.65858e-02 3.82712e-02
170 3.06259e-03 3.73464e-02
171 2.31414e-01 3.82739e-02
172 5.59993e-03 3.83153e-02
173 9.17966e-02 4.58091e-02
174 3.11170e-03 3.75156e-02
175 1.86854e-02 3.88753e-02
176 3.66273e-02 4.01033e-02
177 7.10529e-02 3.84736e-02
178 2.37739e-02 4.57324e-02
179 3.12942e-02 4.24991e-02
180 4.57725e-03 4.67661e-02
181 1.00073e-02 5.19479e-02
182 6.26575e-02 4.60018e-02
183 1.61288e-02 4.46276e-02
184 2.36448e-02 4.01268e-02
185 9.23925e-02 3.73877e-02
186 3.98192e-01 5.45579e-02
187 1.09489e-02 4.13173e-02
188 6.24108e-03 4.24322e-02
189 7.53620e-02 4.15789e-02
190 1.61034e-02 4.03967e-02
191 6.81943e-03 4.55760e-02
192 9.33958e-02 4.58745e-02
193 3.52572e-03 4.55969e-02
194 1.89495e-03 4.03303e-02
195 3.68006e-02 4.90243e-02
196 3.97016e-02 4.05085e-02
197 1.97910e-02 5.68793e-02
198 3.67207e-04 3.90724e-02
199 2.21986e-03 4.05110e-02
0 5.19525e-03 3.62804e-02
1 6.32210e-03 3.68062e-02
2 4.43752e-03 3.62219e-02
3 2.68576e-03 3.75079e-02
4 7.07256e-03 3.60153e-02
5 1.43721e-02 3.59521e-02
6 1.20220e-02 3.63092e-02
7 1.90064e-02 3.59364e-02
8 4.61547e-03 3.56194e-02
9 6.69465e-04 3.66709e-02
10 6.91594e-03 3.58732e-02
11 2.29754e-02 3.57120e-02
12 3.72923e-03 3.61335e-02
13 6.65085e-04 3.60132e-02
14 9.41083e-04 3.56915e-02
15 1.25306e-03 3.65053e-02
16 1.93141e-02 3.60936e-02
17 5.39331e-03 3.59672e-02
18 4.57392e-03 3.61441e-02
19 3.41456e-02 3.63009e-02
20 1.36789e-02 3.61619e-02
21 4.69326e-03 3.59788e-02
22 1.09986e-01 3.58772e-02
23 4.17338e-04 3.65950e-02
24 1.03163e-03 3.59055e-02
25 2.52634e-03 3.61355e-02
26 1.78348e-02 3.55177e-02
27 2.52334e-02 3.60737e-02
28 3.04915e-02 3.62903e-02
29 1.60814e-02 3.64462e-02
30 4.40959e-01 3.53522e-02
31 1.89359e-03 3.60486e-02
32 1.25135e-02 3.61013e-02
33 4.90420e-02 3.50353e-02
34 5.60042e-02 3.63466e-02
35 8.36409e-03 3.66609e-02
36 7.94488e-03 3.67832e-02
37 4.03600e-03 3.54748e-02
38 3.69594e-02 3.71429e-02
39 6.59739e-03 3.55434e-02
40 9.11409e-03 3.64581e-02
41 6.40410e-03 3.68844e-02
42 2.68202e-03 3.68199e-02
43 2.63878e-02 3.59210e-02
44 8.10088e-03 3.63176e-02
45 1.22271e-03 3.66822e-02
46 4.49944e-02 3.61777e-02
47 2.59904e-03 3.57412e-02
48 8.67558e-03 3.68781e-02
49 7.55382e-03 3.64870e-02
50 1.01818e-01 3.65729e-02
51 6.30548e-03 3.57176e-02
52 7.34770e-03 3.59999e-02
53 4.24068e-03 3.56630e-02
54 2.17512e-02 3.63819e-02
55 6.12688e-04 3.65551e-02
56 9.00363e-03 3.64825e-02
57 1.23735e-03 3.60546e-02
58 2.53379e-03 3.54015e-02
59 4.78341e-03 3.62123e-02
60 3.44411e-03 3.60931e-02
61 3.72559e-03 3.75776e-02
62 6.76625e-02 3.65880e-02
63 3.99552e-03 3.72031e-02
64 4.02786e-02 3.70324e-02
65 5.25998e-04 3.56910e-02
66 4.37495e-03 3.64235e-02
67 7.46844e-03 3.66832e-02
68 1.82990e-02 3.68926e-02
69 6.90824e-03 3.63560e-02
70 1.58457e-03 3.68289e-02
71 1.60488e-03 3.62935e-02
72 2.59428e-03 3.77774e-02
73 2.77500e-04 3.64236e-02
74 3.13108e-04 3.73964e-02
75 4.26198e-03 3.58697e-02
76 1.92467e-03 3.57257e-02
77 2.09064e-02 3.59108e-02
78 7.40971e-03 3.54921e-02
79 2.69681e-03 3.58818e-02
80 1.13517e-03 3.75312e-02
81 6.48571e-03 3.67831e-02
82 4.58388e-03 3.60107e-02
83 2.95852e-04 3.62318e-02
84 4.39606e-03 3.56014e-02
85 1.48528e-03 3.56395e-02
86 1.79164e-02 3.57147e-02
87 1.99709e-02 3.63072e-02
88 1.03845e-02 3.65998e-02
89 3.30790e-04 3.64915e-02
90 1.42926e-01 3.58275e-02
91 9.66730e-03 3.59037e-02
92 1.70279e-03 3.58623e-02
93 1.03881e-02 3.59276e-02
94 6.13048e-03 3.60398e-02
95 4.20712e-03 3.59297e-02
96 8.95400e-02 3.60245e-02
97 1.46521e-02 3.63778e-02
98 5.88690e-03 3.60954e-02
99 4.55366e-03 3.53754e-02
100 6.79559e-04 3.54167e-02
101 1.03850e-03 3.58457e-02
102 1.16049e-03 3.56591e-02
103 4.50473e-03 3.73431e-02
104 7.94610e-03 3.58045e-02
105 2.93977e-03 3.57465e-02
106 1.02311e-02 3.63638e-02
107 4.09452e-03 3.54958e-02
108 3.04551e-03 3.53503e-02
109 3.51823e-03 3.58826e-02
110 2.92864e-02 3.53640e-02
111 7.56771e-03 3.57906e-02
112 2.82768e-02 3.56324e-02
113 9.85924e-03 3.60016e-02
114 1.90986e-03 3.63692e-02
115 1.90176e-03 3.53473e-02
116 2.40178e-03 3.53567e-02
117 5.15075e-03 3.53790e-02
118 4.28360e-03 3.57081e-02
119 7.81210e-04 3.55340e-02
120 1.68660e-03 3.55460e-02
121 9.30102e-03 3.72727e-02
122 4.52341e-03 3.56124e-02
123 1.80748e-03 3.55129e-02
124 2.40897e-03 3.53872e-02
125 3.44393e-03 3.57063e-02
126 5.12458e-03 3.51479e-02
127 5.93242e-04 3.53596e-02
128 3.62279e-02 3.54752e-02
129 2.69883e-04 3.55662e-02
130 8.68978e-03 3.61374e-02
131 8.54084e-03 3.55058e-02
132 5.90892e-03 3.58732e-02
133 7.15204e-03 3.62547e-02
134 2.77812e-04 3.52386e-02
135 2.91310e-03 3.55844e-02
136 9.90860e-02 3.56470e-02
137 8.58521e-03 3.67633e-02
138 1.89419e-03 3.50640e-02
139 9.40471e-02 3.60309e-02
140 2.99406e-02 3.79891e-02
141 5.06659e-04 3.66093e-02
142 6.62752e-02 3.53742e-02
143 9.61152e-02 3.50734e-02
144 4.74521e-02 3.59941e-02
145 3.44472e-03 3.53198e-02
146 1.18879e-02 3.57321e-02
147 1.69649e-03 3.49603e-02
148 6.34258e-03 3.55398e-02
149 9.50542e-03 3.59823e-02
150 3.28268e-03 3.63431e-02
151 4.86152e-04 3.56994e-02
152 7.43384e-03 3.53150e-02
153 5.81066e-03 3.59598e-02
154 3.55043e-04 3.57737e-02
155 2.65693e-03 3.53948e-02
156 6.70633e-03 3.58952e-02
157 6.10398e-03 3.50327e-02
158 4.46693e-03 3.53270e-02
159 6.10799e-03 3.53060e-02
160 1.19553e-03 3.74392e-02
161 1.94214e-02 3.57193e-02
162 9.04202e-03 3.60446e-02
163 4.18635e-03 3.57363e-02
164 4.73367e-03 3.61726e-02
165 1.23831e-02 3.61800e-02
166 2.32351e-03 3.57802e-02
167 1.42779e-02 3.60558e-02
168 2.30294e-03 3.59638e-02
169 4.81878e-03 3.55143e-02
170 3.38169e-03 3.57877e-02
171 2.24228e-02 3.54495e-02
172 8.86350e-03 3.59746e-02
173 7.28931e-03 3.62478e-02
174 8.34809e-03 3.70165e-02
175 1.13542e-01 3.57909e-02
176 7.40034e-03 3.67405e-02
177 8.82558e-03 3.57771e-02
178 7.67873e-03 3.67621e-02
179 6.44806e-02 3.60881e-02
180 1.44506e-03 3.59319e-02
181 1.08746e-02 3.62575e-02
182 6.01550e-02 3.61402e-02
183 5.51717e-03 3.60264e-02
184 6.42618e-03 3.61802e-02
185 5.10868e-03 3.57748e-02
186 2.32393e-03 3.56891e-02
187 3.10558e-02 3.54086e-02
188 1.79345e-03 3.59171e-02
189 3.48333e-04 3.64971e-02
190 5.75526e-04 3.62115e-02
191 1.78155e-03 3.61636e-02
192 6.38363e-03 3.51565e-02
193 1.79762e-02 3.51625e-02
194 1.03679e-01 3.59896e-02
195 5.63014e-03 3.64912e-02
196 2.36517e-02 3.60802e-02
197 1.30719e-02 3.58287e-02
198 7.53967e-03 3.58504e-02
199 7.93379e-03 3.63072e-02
0 3.44093e-03 3.57743e-02
1 5.38943e-02 3.55845e-02
2 7.72800e-03 3.55801e-02
3 1.38792e-02 3.53859e-02
4 2.69928e-02 3.54696e-02
5 3.97069e-03 3.56482e-02
6 8.97964e-03 3.55832e-02
7 7.34467e-04 3.55756e-02
8 2.67468e-03 3.55682e-02
9 7.58999e-03 3.56159e-02
10 5.47904e-04 3.58930e-02
11 2.41119e-02 3.55375e-02
12 3.80651e-03 3.60904e-02
13 9.15199e-03 3.57086e-02
14 2.41033e-03 3.57683e-02
15 2.07052e-03 3.56686e-02
16 2.14401e-02 3.59288e-02
17 1.35126e-03 3.58081e-02
18 3.15530e-03 3.56718e-02
19 1.15160e-01 3.55394e-02
20 4.41263e-03 3.59702e-02
21 3.12384e-03 3.58815e-02
22 8.19408e-03 3.58612e-02
23 1.59692e-02 3.55855e-02
24 5.19312e-03 3.57306e-02
25 1.98791e-02 3.59295e-02
26 1.28426e-02 3.59005e-02
27 7.38536e-04 3.61382e-02
28 7.31750e-04 3.61035e-02
29 1.02659e-02 3.55690e-02
30 5.35205e-02 3.61111e-02
31 5.28107e-03 3.59609e-02
32 2.20464e-03 3.55654e-02
33 6.70841e-03 3.57962e-02
34 6.76242e-04 3.59259e-02
35 6.18400e-02 3.58233e-02
36 1.86763e-03 3.57940e-02
37 8.37217e-04 3.59756e-02
38 3.21881e-03 3.59861e-02
39 1.39198e-03 3.55844e-02
40 8.33862e-03 3.61214e-02
41 1.04243e-03 3.60592e-02
42 1.73676e-02 3.60708e-02
43 1.33660e-03 3.57080e-02
44 4.64945e-03 3.57609e-02
45 3.73912e-03 3.58554e-02
46 2.78470e-03 3.60033e-02
47 4.42269e-03 3.58685e-02
48 4.52966e-03 3.56992e-02
49 2.65419e-02 3.58521e-02
50 6.04623e-03 3.56743e-02
51 1.01130e-02 3.59280e-02
52 1.08216e-03 3.55541e-02
53 1.25521e-02 3.56990e-02
54 5.82508e-03 3.57998e-02
55 2.16208e-03 3.54618e-02
56 1.11192e-03 3.55909e-02
57 3.06630e-03 3.56209e-02
58 8.57653e-04 3.57710e-02
59 3.25554e-03 3.59460e-02
60 9.53149e-03 3.58475e-02
61 6.36417e-03 3.56412e-02
62 1.75064e-02 3.56035e-02
63 5.07145e-02 3.53656e-02
64 6.96126e-03 3.55201e-02
65 1.90338e-02 3.54648e-02
66 1.00374e-01 3.54126e-02
67 2.67500e-02 3.52872e-02
68 4.22201e-04 3.54609e-02
69 7.07100e-04 3.55446e-02
70 6.62352e-04 3.56035e-02
71 3.82122e-03 3.56171e-02
72 7.30294e-03 3.54028e-02
73 1.68006e-02 3.56620e-02
74 5.16419e-03 3.56377e-02
75 1.95051e-03 3.57491e-02
76 7.08639e-03 3.53448e-02
77 1.15532e-02 3.56639e-02
78 8.44063e-04 3.59379e-02
79 5.26036e-02 3.56205e-02
80 8.57480e-02 3.62087e-02
81 5.27185e-03 3.62912e-02
82 5.39603e-03 3.57950e-02
83 1.24722e-01 3.60790e-02
84 6.19169e-04 3.58506e-02
85 1.22347e-03 3.58142e-02
86 6.15105e-03 3.54806e-02
87 3.22685e-03 3.58400e-02
88 4.54991e-03 3.59173e-02
89 7.02226e-04 3.57330e-02
90 1.21018e-01 3.56096e-02
91 2.33983e-02 3.53770e-02
92 3.04499e-02 3.55346e-02
93 5.63366e-03 3.57531e-02
94 1.80396e-03 3.56729e-02
95 4.54621e-03 3.55011e-02
96 8.36460e-03 3.54782e-02
97 1.79458e-02 3.52634e-02
98 2.54059e-02 3.54866e-02
99 1.48132e-03 3.52387e-02
100 4.40518e-02 3.51849e-02
101 1.62761e-03 3.54234e-02
102 7.93364e-03 3.51817e-02
103 6.60830e-02 3.53143e-02
104 1.97101e-03 3.54450e-02
105 4.68635e-03 3.53352e-02
106 3.08346e-03 3.55136e-02
107 8.33707e-04 3.58124e-02
108 4.98332e-03 3.53474e-02
109 4.16209e-02 3.54893e-02
110 5.93495e-03 3.55106e-02
111 3.10875e-03 3.51890e-02
112 3.31896e-03 3.53267e-02
113 1.17502e-02 3.51535e-02
114 8.38263e-03 3.53228e-02
115 8.14699e-02 3.56112e-02
116 1.13069e-02 3.54020e-02
117 2.37371e-03 3.53424e-02
118 2.84975e-04 3.54021e-02
119 1.22522e-01 3.52640e-02
120 5.06520e-02 3.54133e-02
121 5.93107e-03 3.52343e-02
122 1.52579e-01 3.52756e-02
123 1.63375e-02 3.53260e-02
124 1.62922e-02 3.52172e-02
125 1.70519e-02 3.53256e-02
126 9.87559e-03 3.53126e-02
127 1.62458e-02 3.56275e-02
128 3.63468e-02 3.55914e-02
129 3.06425e-03 3.55980e-02
130 1.13381e-02 3.55972e-02
131 6.08038e-03 3.54860e-02
132 1.71188e-02 3.57524e-02
133 2.97572e-03 3.53289e-02
134 8.34393e-03 3.56356e-02
135 2.78509e-03 3.59396e-02
136 2.15708e-03 3.55069e-02
137 5.62953e-03 3.56650e-02
138 3.50329e-02 3.56654e-02
139 6.67502e-03 3.56196e-02
140 3.09672e-04 3.55509e-02
141 3.32895e-03 3.56387e-02
142 1.06226e-03 3.57845e-02
143 2.91298e-03 3.59178e-02
144 9.02940e-03 3.59170e-02
145 5.18094e-03 3.59467e-02
146 5.15162e-03 3.58318e-02
147 1.36201e-02 3.59826e-02
148 6.81670e-03 3.60654e-02
149 1.85730e-03 3.62074e-02
150 1.60201e-02 3.61699e-02
151 8.30768e-03 3.59169e-02
152 1.67007e-02 3.61277e-02
153 2.60404e-03 3.60050e-02
154 2.51950e-02 3.63382e-02
155 2.24224e-02 3.61254e-02
156 2.10919e-04 3.61386e-02
157 3.71680e-02 3.59929e-02
158 1.34126e-02 3.59740e-02
159 4.44841e-02 3.60864e-02
160 8.98684e-03 3.61324e-02
161 4.74115e-03 3.61930e-02
162 5.30519e-03 3.63700e-02
163 3.57239e-03 3.60127e-02
164 8.69942e-04 3.60881e-02
165 9.99841e-04 3.59398e-02
166 1.21958e-02 3.59734e-02
167 6.99898e-02 3.58130e-02
168 2.67188e-03 3.58463e-02
169 4.92234e-03 3.60608e-02
170 3.55024e-02 3.60900e-02
171 2.72504e-03 3.58602e-02
172 1.07640e-02 3.58183e-02
173 1.86895e-02 3.58168e-02
174 4.02305e-03 3.60935e-02
175 2.13472e-02 3.58858e-02
176 2.42072e-03 3.61912e-02
177 6.48063e-04 3.62984e-02
178 2.20664e-02 3.60821e-02
179 4.82609e-02 3.61976e-02
180 5.66547e-03 3.62671e-02
181 1.34778e-02 3.56845e-02
182 1.08246e-02 3.62101e-02
183 1.19414e-02 3.60051e-02
184 6.53127e-03 3.61949e-02
185 2.53449e-03 3.59809e-02
186 9.42981e-04 3.61380e-02
187 4.23484e-03 3.60491e-02
188 3.44267e-04 3.61048e-02
189 9.53474e-02 3.62631e-02
190 1.78053e-02 3.62730e-02
191 2.22649e-02 3.61142e-02
192 2.38895e-02 3.60537e-02
193 1.41668e-02 3.59156e-02
194 8.95089e-04 3.61469e-02
195 1.46883e-03 3.58868e-02
196 6.13077e-03 3.61025e-02
197 1.04468e-01 3.62536e-02
198 5.22160e-03 3.58499e-02
199 8.81339e-03 3.56526e-02
