0 3.47612e+00 8.20222e-01
1 3.74214e+00 7.59441e-01
2 6.05194e+00 6.65568e-01
3 1.95077e+00 7.82829e-01
4 2.14380e+00 5.11021e-01
5 2.18249e+00 5.88072e-01
6 1.85413e+00 7.80674e-01
7 6.99967e-01 4.77228e-01
8 1.07589e+00 5.79497e-01
9 1.35371e+00 4.79068e-01
10 2.68299e+00 3.91521e-01
11 1.61658e+00 5.14375e-01
12 7.90542e-01 4.53894e-01
13 4.68869e+00 3.87561e-01
14 1.55847e+00 6.54978e-01
15 1.14176e+00 4.49829e-01
16 1.88507e+00 3.77582e-01
17 1.06061e+00 4.19770e-01
18 5.49835e-01 4.48227e-01
19 5.73335e-01 5.33294e-01
20 2.49339e-01 3.09635e-01
21 8.55740e-01 4.41525e-01
22 3.61750e-01 5.50217e-01
23 2.85298e+00 3.84648e-01
24 9.40306e-01 4.56685e-01
25 6.14043e-01 3.68897e-01
26 5.57783e-01 2.80961e-01
27 2.33219e-01 3.57554e-01
28 7.34111e-01 3.82715e-01
29 9.33812e-01 2.58358e-01
30 1.68996e+00 3.62577e-01
31 2.37986e+00 4.40360e-01
32 2.08838e+00 3.75732e-01
33 2.48457e-01 2.41450e-01
34 6.13336e-01 3.45187e-01
35 2.35649e+00 4.60155e-01
36 3.76902e-01 2.50370e-01
37 1.18253e-01 3.40772e-01
38 1.29104e+00 2.74276e-01
39 3.63408e-01 3.45859e-01
40 1.48477e+00 2.82086e-01
41 8.04244e-01 2.58680e-01
42 9.51733e-01 3.90748e-01
43 1.78732e+00 3.68143e-01
44 1.67444e+00 3.14614e-01
45 3.57082e-01 2.41598e-01
46 2.65919e+00 3.23909e-01
47 1.43415e+00 3.86246e-01
48 1.35859e+00 3.48551e-01
49 7.42019e-01 2.75449e-01
50 9.21364e-01 2.69964e-01
51 1.15564e+00 3.23467e-01
52 7.35569e-01 2.21138e-01
53 1.69415e-01 2.77089e-01
54 1.12209e+00 2.99921e-01
55 3.10316e+00 2.61969e-01
56 3.21545e+00 2.27649e-01
57 1.37195e+00 2.41237e-01
58 1.15479e+00 2.30838e-01
59 1.95196e+00 1.75584e-01
60 1.51738e+00 2.50671e-01
61 1.72418e+00 2.36788e-01
62 1.12807e+00 2.47961e-01
63 1.94506e+00 2.52275e-01
64 9.69465e-02 2.55482e-01
65 7.41133e-01 2.41774e-01
66 8.45072e-01 2.67270e-01
67 5.89208e-01 2.04659e-01
68 5.09967e-01 2.08853e-01
69 1.56836e+00 3.33472e-01
70 1.75190e+00 3.04371e-01
71 1.02820e+00 2.51954e-01
72 6.84156e-01 2.80973e-01
73 2.60887e+00 2.55863e-01
74 2.39885e+00 2.31352e-01
75 1.47010e+00 2.15300e-01
76 1.90224e+00 2.82798e-01
77 5.39830e-01 2.31572e-01
78 8.84791e-01 2.11898e-01
79 1.48141e+00 2.25245e-01
80 5.94283e-01 1.84907e-01
81 1.13772e-01 1.85591e-01
82 1.72890e+00 2.37737e-01
83 1.67303e+00 3.49724e-01
84 2.85552e+00 2.73880e-01
85 1.19511e+00 3.01612e-01
86 7.31499e-01 2.19072e-01
87 1.11003e+00 1.81549e-01
88 1.82799e+00 2.59993e-01
89 2.99170e-01 2.15568e-01
90 1.62093e+00 2.27876e-01
91 2.57465e-01 1.79272e-01
92 1.45325e-01 2.13628e-01
93 3.13741e+00 2.05401e-01
94 5.67142e-01 2.24929e-01
95 3.99966e-01 2.85670e-01
96 6.61543e-01 2.50839e-01
97 1.71375e+00 2.13986e-01
98 1.33318e+00 1.81320e-01
99 1.05139e+00 2.31269e-01
100 3.85964e-01 2.84266e-01
101 2.12362e+00 2.68446e-01
102 5.08413e-01 1.82611e-01
103 9.38553e-01 2.34944e-01
104 1.22076e+00 1.70097e-01
105 3.08685e+00 2.67778e-01
106 4.66345e-01 1.95842e-01
107 8.95762e-01 2.13761e-01
108 2.56367e-01 2.31375e-01
109 1.80018e+00 2.29530e-01
110 9.47956e-01 2.28216e-01
111 9.62348e-01 1.90988e-01
112 1.57973e+00 1.83355e-01
113 1.35318e+00 2.23187e-01
114 1.09562e+00 1.85195e-01
115 1.10628e-01 2.04798e-01
116 1.32571e+00 1.98628e-01
117 2.89454e-01 2.48934e-01
118 1.21177e+00 1.90054e-01
119 7.90380e-02 2.47148e-01
120 1.25024e+00 2.69013e-01
121 2.43566e+00 1.93943e-01
122 8.09718e-01 1.98202e-01
123 4.72748e-01 1.90620e-01
124 1.01775e+00 1.78737e-01
125 1.87244e+00 1.95007e-01
126 1.02636e+00 2.54227e-01
127 4.85258e-01 1.88669e-01
128 1.08278e+00 2.38039e-01
129 1.26591e+00 3.35242e-01
130 1.72266e+00 2.80935e-01
131 2.48189e-01 1.91072e-01
132 3.26442e-01 1.41669e-01
133 1.62139e+00 2.29689e-01
134 8.10394e-01 1.72288e-01
135 5.67280e-01 1.75923e-01
136 1.62844e+00 2.59695e-01
137 9.61844e-01 2.29174e-01
138 1.09399e+00 2.03210e-01
139 2.37770e-01 2.05281e-01
140 1.23104e-01 2.02088e-01
141 3.18213e-01 1.57687e-01
142 5.23151e-01 2.48796e-01
143 7.76416e-01 1.90171e-01
144 8.27935e-01 2.05108e-01
145 4.46042e-01 1.84889e-01
146 8.49366e-01 1.69949e-01
147 8.30718e-01 1.85855e-01
148 9.24095e-01 2.57913e-01
149 4.45840e-01 2.02249e-01
150 1.42674e+00 1.97331e-01
151 4.26088e-01 1.59134e-01
152 2.53579e-01 2.15938e-01
153 9.87233e-01 2.05971e-01
154 7.91072e-01 2.24272e-01
155 1.37387e-01 2.28077e-01
156 3.81978e-01 1.81403e-01
157 4.68397e+00 2.24732e-01
158 7.18429e-01 1.95867e-01
159 1.05297e+00 1.98914e-01
160 6.94763e-01 2.06388e-01
161 2.27640e+00 1.86955e-01
162 1.84260e-01 2.27328e-01
163 8.02096e-01 2.63702e-01
164 8.11869e-01 2.37035e-01
165 1.53843e-01 1.73031e-01
166 6.73280e-01 1.72963e-01
167 1.63911e+00 2.45159e-01
168 6.55952e-01 1.92927e-01
169 2.89690e-01 1.73197e-01
170 6.71882e-01 1.88217e-01
171 1.02739e+00 2.27662e-01
172 9.56268e-01 2.18299e-01
173 1.99192e+00 2.01692e-01
174 3.55531e-01 1.89826e-01
175 3.46655e-01 1.98204e-01
176 9.33277e-01 2.38038e-01
177 8.95909e-01 1.78330e-01
178 1.86217e+00 1.80721e-01
179 4.67885e-01 1.59497e-01
180 1.41431e+00 1.73273e-01
181 6.21587e-01 1.61643e-01
182 2.55196e-01 1.42012e-01
183 5.79523e-01 2.14242e-01
184 1.12073e-01 1.61808e-01
185 8.01047e-01 1.56649e-01
186 2.44779e+00 2.11129e-01
187 1.76156e-01 1.55864e-01
188 6.86721e-01 1.54117e-01
189 1.01177e+00 1.52422e-01
190 1.14671e+00 1.84103e-01
191 9.64658e-01 1.99619e-01
192 2.49719e+00 2.21734e-01
193 8.85121e-01 1.53444e-01
194 2.92701e-01 2.77144e-01
195 1.17046e-01 1.78070e-01
196 2.52658e+00 1.90181e-01
197 8.07466e-01 2.44496e-01
198 4.55673e-01 1.94615e-01
199 6.78955e-01 1.60094e-01
0 3.39000e-02 1.73690e-01
1 6.87809e-01 1.67008e-01
2 7.29911e-01 1.43613e-01
3 4.20554e-01 1.51403e-01
4 1.87304e-01 1.42141e-01
5 1.84354e+00 1.47251e-01
6 5.42260e-01 1.65304e-01
7 4.09208e-01 1.65760e-01
8 2.66347e-01 1.64954e-01
9 2.58751e-01 1.76322e-01
10 5.42525e-01 1.65196e-01
11 2.29444e-01 2.45502e-01
12 5.28153e-01 1.96751e-01
13 8.53329e-01 1.56137e-01
14 1.76271e-01 1.88794e-01
15 2.25572e-01 1.57045e-01
16 2.66640e-01 1.47495e-01
17 4.99375e-01 1.46305e-01
18 4.86567e-01 1.62483e-01
19 1.94762e-01 1.31298e-01
20 4.59798e-01 1.40362e-01
21 5.24622e-01 1.81220e-01
22 1.09038e-01 1.58459e-01
23 5.09054e-01 1.66928e-01
24 1.19190e-01 2.25401e-01
25 7.09568e-01 1.52870e-01
26 3.32364e-01 1.66150e-01
27 2.04216e-01 1.53825e-01
28 4.95804e-01 1.72952e-01
29 2.14554e-01 1.72414e-01
30 4.08186e-01 1.92325e-01
31 6.99712e-01 1.30756e-01
32 2.66079e-01 1.99767e-01
33 8.10945e-01 2.02965e-01
34 2.58505e-01 1.44709e-01
35 8.55701e-01 1.70692e-01
36 1.03085e+00 1.82491e-01
37 5.91769e-01 1.90373e-01
38 8.08656e-01 1.90505e-01
39 2.24382e+00 1.27641e-01
40 6.44744e-01 1.71772e-01
41 2.61575e-01 1.57624e-01
42 3.01893e-01 1.29576e-01
43 5.34934e-01 1.35254e-01
44 4.71154e-01 1.21545e-01
45 7.48545e-01 1.71229e-01
46 6.58193e-02 1.17379e-01
47 4.16367e-01 1.28616e-01
48 1.14208e-01 1.78308e-01
49 3.21560e-01 1.28500e-01
50 7.12574e-01 1.74117e-01
51 1.15062e+00 1.66277e-01
52 3.16053e-01 1.81623e-01
53 7.08312e-02 1.35619e-01
54 1.14556e-01 1.14757e-01
55 5.59118e-01 1.70954e-01
56 6.00734e-01 1.59126e-01
57 7.67039e-01 1.42338e-01
58 2.14110e-01 1.44625e-01
59 3.86955e-02 1.15125e-01
60 1.12001e+00 1.65235e-01
61 1.17699e-01 1.57356e-01
62 2.96414e-01 1.20269e-01
63 6.84700e-01 1.83238e-01
64 2.50132e-02 1.17813e-01
65 8.03112e-02 2.06740e-01
66 4.16360e-01 3.20901e-01
67 1.16733e-01 1.44063e-01
68 4.50226e-01 1.54818e-01
69 4.75935e-01 1.28962e-01
70 1.70745e-01 1.50322e-01
71 2.01340e-01 1.30796e-01
72 3.99761e-01 1.33283e-01
73 5.19965e-01 1.14546e-01
74 2.45934e-01 1.08564e-01
75 5.29263e-01 2.11849e-01
76 9.27987e-01 1.43913e-01
77 9.69291e-01 1.23295e-01
78 5.85071e-01 1.65799e-01
79 6.39408e-01 1.23596e-01
80 2.72732e+00 2.13613e-01
81 5.41462e-01 1.28884e-01
82 5.37207e-01 1.39554e-01
83 4.86860e-02 1.25418e-01
84 2.48955e-01 1.41834e-01
85 2.06952e-01 1.45156e-01
86 3.19588e-01 1.37322e-01
87 6.76669e-01 1.10185e-01
88 2.48802e-01 1.28134e-01
89 2.38827e-01 1.01903e-01
90 6.46443e-01 1.64899e-01
91 1.48111e-01 1.29538e-01
92 1.85507e-01 1.28033e-01
93 2.93752e-01 1.59006e-01
94 1.51967e-01 1.66549e-01
95 3.28289e-01 1.42139e-01
96 2.07971e-01 1.31678e-01
97 2.18391e-01 1.45717e-01
98 2.40359e-01 1.64893e-01
99 2.00023e-01 1.16750e-01
100 1.46415e-01 1.54819e-01
101 6.59640e-01 1.31473e-01
102 5.82754e-01 1.47186e-01
103 3.15585e-01 1.61286e-01
104 1.27367e-01 1.97965e-01
105 1.16474e+00 1.42308e-01
106 9.56798e-01 1.66992e-01
107 1.21947e+00 1.68113e-01
108 3.14007e-01 1.05263e-01
109 3.07135e-01 1.06048e-01
110 1.71244e-02 1.15675e-01
111 4.34609e-01 1.44479e-01
112 2.12923e-01 1.17981e-01
113 5.05187e-01 1.52299e-01
114 6.68346e-01 1.26081e-01
115 2.87629e-01 1.55999e-01
116 2.18619e-01 1.26430e-01
117 3.27109e-02 1.20206e-01
118 3.17728e-01 1.48728e-01
119 2.86851e-02 1.35377e-01
120 1.39930e-01 1.27506e-01
121 4.53309e-01 1.26680e-01
122 9.87601e-01 1.67422e-01
123 2.42234e-01 1.12808e-01
124 9.58595e-02 1.43373e-01
125 4.00489e-02 1.11435e-01
126 4.73121e-01 1.33355e-01
127 2.90551e-01 1.72762e-01
128 1.44712e-01 1.80598e-01
129 6.21725e-01 1.47025e-01
130 4.29168e-01 2.20265e-01
131 2.48031e-02 1.02424e-01
132 8.62046e-01 1.30796e-01
133 1.24316e-01 1.35763e-01
134 2.78986e-02 1.60421e-01
135 1.90658e-01 1.19398e-01
136 3.80613e-02 1.08066e-01
137 4.15363e-02 1.45139e-01
138 1.43441e-01 1.07623e-01
139 2.59047e-01 1.12364e-01
140 3.63425e-01 1.07277e-01
141 9.00687e-01 1.71129e-01
142 4.87924e-01 1.27233e-01
143 5.25580e-02 1.63694e-01
144 3.51982e-01 1.40162e-01
145 7.00616e-02 1.27564e-01
146 1.20049e-01 1.83318e-01
147 2.50540e-01 1.51029e-01
148 8.92166e-01 1.50902e-01
149 3.75771e-02 1.75538e-01
150 2.28602e-01 1.21437e-01
151 7.05624e-02 1.08911e-01
152 3.14913e-01 1.23693e-01
153 2.78635e+00 1.33551e-01
154 1.16458e-01 1.15029e-01
155 4.80048e-02 1.20951e-01
156 9.75831e-02 1.08339e-01
157 1.63643e-01 1.25168e-01
158 1.27752e-01 1.31291e-01
159 3.09502e-01 1.67359e-01
160 7.80511e-02 1.12969e-01
161 1.36879e-01 1.45100e-01
162 6.87562e-01 1.39982e-01
163 1.16702e+00 1.91876e-01
164 9.97112e-02 1.12564e-01
165 1.69835e-01 1.03131e-01
166 7.15016e-01 1.42409e-01
167 3.03166e-01 1.19811e-01
168 4.28286e-02 1.10318e-01
169 7.62195e-01 1.44931e-01
170 4.06115e-01 1.85933e-01
171 1.43806e-02 1.09452e-01
172 2.89536e-01 1.24167e-01
173 2.73622e-01 1.54885e-01
174 3.94963e-01 1.32371e-01
175 4.49825e-01 2.04587e-01
176 2.53100e-01 1.48425e-01
177 1.36984e-01 1.23554e-01
178 3.02471e-01 1.29968e-01
179 1.02898e-01 1.00106e-01
180 8.95706e-02 1.28017e-01
181 2.21612e-01 1.31984e-01
182 7.48276e-02 1.47399e-01
183 2.05458e-01 1.68022e-01
184 6.03866e-01 1.98641e-01
185 9.19339e-02 1.14981e-01
186 2.85203e-01 1.10916e-01
187 2.17422e-02 1.48118e-01
188 3.26039e-01 1.23630e-01
189 1.09084e-01 1.15427e-01
190 1.09414e+00 1.59416e-01
191 1.27385e+00 1.29891e-01
192 5.84568e-02 1.08600e-01
193 1.28742e-01 1.14698e-01
194 1.96906e-01 1.81455e-01
195 9.31417e-01 1.27184e-01
196 5.59725e-01 2.08353e-01
197 1.37804e-01 1.15653e-01
198 1.71930e-01 8.91416e-02
199 2.60385e-01 9.75363e-02
0 8.98546e-03 7.72610e-02
1 3.44041e-01 7.98743e-02
2 1.82277e-01 7.16243e-02
3 9.37336e-02 6.98155e-02
4 9.16602e-02 6.93380e-02
5 2.48236e-02 7.01147e-02
6 2.15565e-01 7.36776e-02
7 2.22613e-02 6.64834e-02
8 5.61804e-02 6.46926e-02
9 4.51854e-02 7.02921e-02
10 1.84002e-01 6.30264e-02
11 1.18418e-01 6.40206e-02
12 1.64180e-02 6.09045e-02
13 9.37259e-02 6.50265e-02
14 2.92679e-02 6.29798e-02
15 7.19359e-02 6.12478e-02
16 1.03089e-01 6.85361e-02
17 2.50034e-02 6.49817e-02
18 8.39092e-02 6.20225e-02
19 2.97551e-02 6.00735e-02
20 5.49937e-04 5.99751e-02
21 6.13286e-03 5.89335e-02
22 6.66398e-02 6.68747e-02
23 2.64647e-02 6.25170e-02
24 1.05484e-01 6.24943e-02
25 2.23714e-03 5.80805e-02
26 1.12360e-02 6.24235e-02
27 1.16115e-02 6.47307e-02
28 1.41069e-02 6.14131e-02
29 3.80508e-02 6.66905e-02
30 9.08566e-02 6.46112e-02
31 1.15219e-02 5.94799e-02
32 7.32518e-03 5.98133e-02
33 2.95222e-03 5.81921e-02
34 7.62025e-02 6.51226e-02
35 2.90655e-02 6.11186e-02
36 3.00872e-02 5.89936e-02
37 1.52984e-03 6.03762e-02
38 2.28855e-02 5.82603e-02
39 1.05936e-02 6.07579e-02
40 3.24902e-02 6.09621e-02
41 6.13821e-02 6.72792e-02
42 1.30783e-02 5.68825e-02
43 1.78202e-02 6.04703e-02
44 1.82328e-01 6.94223e-02
45 1.65219e-02 6.54726e-02
46 5.38835e-02 5.91140e-02
47 2.03803e-02 5.82106e-02
48 2.57624e-02 5.77669e-02
49 2.51545e-02 5.81013e-02
50 8.81127e-02 7.09224e-02
51 6.18214e-02 5.61185e-02
52 2.34084e-02 6.00570e-02
53 1.37847e-02 5.71352e-02
54 9.52017e-02 5.54400e-02
55 5.44519e-02 6.69946e-02
56 3.15260e-01 5.61988e-02
57 3.06187e-02 6.38158e-02
58 1.12430e-01 5.55980e-02
59 3.66342e-02 5.93256e-02
60 2.54495e-02 6.53542e-02
61 1.11583e-02 5.67366e-02
62 2.53093e-02 6.57155e-02
63 1.12842e-01 5.48150e-02
64 6.30911e-02 6.29100e-02
65 5.30888e-02 5.37599e-02
66 1.31727e-02 6.22075e-02
67 7.30070e-02 5.67536e-02
68 5.07610e-02 5.69527e-02
69 2.82969e-02 6.02133e-02
70 1.17060e-02 6.38074e-02
71 6.52968e-02 6.08329e-02
72 7.16986e-03 5.90859e-02
73 2.34048e-02 6.45083e-02
74 1.48524e-02 6.37365e-02
75 3.96566e-03 6.33452e-02
76 7.78083e-02 5.67425e-02
77 7.16076e-02 5.97751e-02
78 9.25952e-02 5.43263e-02
79 3.89644e-02 6.30708e-02
80 6.41934e-02 5.65600e-02
81 9.83580e-03 5.69090e-02
82 4.87763e-02 6.33586e-02
83 7.24503e-02 5.47851e-02
84 2.18503e-02 6.01611e-02
85 5.23856e-03 6.43588e-02
86 2.67274e-03 5.52257e-02
87 8.59112e-02 5.76293e-02
88 2.79708e-03 5.39444e-02
89 5.44743e-02 5.98765e-02
90 1.34974e-02 6.22615e-02
91 3.84420e-02 5.61182e-02
92 1.68131e-01 5.60966e-02
93 2.04518e-01 6.40994e-02
94 5.17135e-02 5.89395e-02
95 1.03520e-02 6.27146e-02
96 4.17478e-02 7.12188e-02
97 9.86474e-03 5.78530e-02
98 6.85839e-03 5.87715e-02
99 1.39156e-02 5.67454e-02
100 1.29392e-01 5.76301e-02
101 1.42532e-02 5.63849e-02
102 1.19593e-02 6.11831e-02
103 8.02650e-03 5.47120e-02
104 1.49606e-03 6.28300e-02
105 4.01786e-02 6.24037e-02
106 2.10416e-01 5.99019e-02
107 6.35715e-02 5.53666e-02
108 1.35840e-02 5.55760e-02
109 7.34416e-02 5.72912e-02
110 5.64197e-03 5.80806e-02
111 1.80623e-02 5.56659e-02
112 2.76474e-02 6.00706e-02
113 1.63596e-01 5.46275e-02
114 1.82500e-01 5.65925e-02
115 6.66707e-03 5.73572e-02
116 2.02530e-03 5.50970e-02
117 9.61074e-02 5.75966e-02
118 2.07733e-02 6.07923e-02
119 2.26745e-02 5.84647e-02
120 1.40326e-02 5.74680e-02
121 2.00481e-02 6.15935e-02
122 2.00506e-02 6.22192e-02
123 5.37472e-02 5.33873e-02
124 3.28315e-03 6.74814e-02
125 3.95162e-02 6.15838e-02
126 5.10757e-02 6.04769e-02
127 4.75474e-02 5.51453e-02
128 4.42536e-02 5.13438e-02
129 4.14031e-02 5.44501e-02
130 1.69667e-02 5.72177e-02
131 1.99659e-02 5.71409e-02
132 1.59870e-01 5.54706e-02
133 1.44364e-01 5.79031e-02
134 4.70258e-02 5.65145e-02
135 2.91142e-02 5.24502e-02
136 1.05654e-02 5.63145e-02
137 3.04041e-02 5.36882e-02
138 7.74788e-03 5.60426e-02
139 2.11058e-02 5.67246e-02
140 2.06000e-02 5.92932e-02
141 1.70173e-04 5.46046e-02
142 8.81581e-03 5.03069e-02
143 1.28467e-02 5.60618e-02
144 6.69152e-02 5.53066e-02
145 4.80654e-02 5.78340e-02
146 8.21686e-03 5.45241e-02
147 7.28302e-01 5.41004e-02
148 1.82462e-02 5.53897e-02
149 1.01003e-01 5.75873e-02
150 6.17043e-02 6.47496e-02
151 2.47120e-03 5.91904e-02
152 3.49357e-03 5.86289e-02
153 1.14365e-01 6.16296e-02
154 8.08747e-03 5.66463e-02
155 3.05511e-02 6.03772e-02
156 6.00587e-03 5.36238e-02
157 7.65382e-02 6.07191e-02
158 3.58682e-02 5.41902e-02
159 4.67198e-02 5.39049e-02
160 4.62893e-02 6.25612e-02
161 5.52256e-03 5.67193e-02
162 2.79295e-02 5.65307e-02
163 2.24737e-02 5.95264e-02
164 4.83543e-03 5.73273e-02
165 1.58738e-02 5.70816e-02
166 5.00871e-02 5.75597e-02
167 7.94534e-04 5.34765e-02
168 4.04495e-02 5.74289e-02
169 2.34262e-02 6.30814e-02
170 3.63622e-02 5.31538e-02
171 3.19908e-02 5.27973e-02
172 5.02624e-02 6.05541e-02
173 2.31195e-02 5.63782e-02
174 3.44724e-02 6.34469e-02
175 6.74694e-02 6.62911e-02
176 4.90105e-03 6.06657e-02
177 1.20302e-02 5.73951e-02
178 1.42941e-01 5.91099e-02
179 1.00050e-02 5.77374e-02
180 1.03499e-01 5.77386e-02
181 3.76389e-01 5.43301e-02
182 7.04550e-02 6.07991e-02
183 3.94014e-03 5.48586e-02
184 1.89591e-02 5.37483e-02
185 2.22274e-03 5.29872e-02
186 7.12964e-02 5.26040e-02
187 1.21673e-03 5.43364e-02
188 3.15038e-02 5.79325e-02
189 4.33696e-02 5.47139e-02
190 1.04312e-01 5.49270e-02
191 4.27203e-03 6.36937e-02
192 4.95527e-02 5.72282e-02
193 3.28676e-02 6.10156e-02
194 5.66068e-02 5.50467e-02
195 1.52798e-01 6.32247e-02
196 9.97614e-03 5.53470e-02
197 3.28690e-02 5.56402e-02
198 1.14263e-01 5.27856e-02
199 8.85539e-03 6.04254e-02
0 1.63518e-02 5.16368e-02
1 3.15451e-02 5.13581e-02
2 8.40444e-03 5.03775e-02
3 6.78937e-02 5.05965e-02
4 8.19716e-03 5.02468e-02
5 3.04250e-02 5.16799e-02
6 8.24856e-02 5.14365e-02
7 2.96981e-02 5.09063e-02
8 2.20990e-02 5.08897e-02
9 2.46322e-02 5.12016e-02
10 1.12038e-02 5.24105e-02
11 2.06457e-02 5.05537e-02
12 5.54176e-04 5.14160e-02
13 5.68060e-02 5.06209e-02
14 1.08845e-02 5.19646e-02
15 1.24868e-02 5.14438e-02
16 4.34340e-03 5.00413e-02
17 1.73653e-01 5.04456e-02
18 1.88225e-02 5.09237e-02
19 6.02942e-02 5.16591e-02
20 1.25550e-02 5.14446e-02
21 5.73796e-03 5.01778e-02
22 1.04557e-02 5.15753e-02
23 1.87896e-02 5.21057e-02
24 2.29003e-02 5.14999e-02
25 1.74720e-02 5.18954e-02
26 4.97796e-03 5.17507e-02
27 3.58853e-03 5.13561e-02
28 5.18248e-03 5.17150e-02
29 7.66572e-02 5.16646e-02
30 1.79319e-02 5.10204e-02
31 2.45876e-02 5.12613e-02
32 6.77629e-03 5.18469e-02
33 1.76677e-03 5.25150e-02
34 3.84092e-02 5.15104e-02
35 1.03028e-01 5.02663e-02
36 1.71451e-02 5.14803e-02
37 6.99398e-03 5.15405e-02
38 1.77541e-03 5.08122e-02
39 3.16036e-04 5.19438e-02
40 4.64671e-03 5.06432e-02
41 1.31129e-02 5.24857e-02
42 8.72111e-04 5.09900e-02
43 5.72641e-02 5.21544e-02
44 3.16287e-02 5.10873e-02
45 5.83382e-03 5.18060e-02
46 2.60200e-02 5.14139e-02
47 1.17619e-03 5.09250e-02
48 7.18419e-02 5.03270e-02
49 8.11586e-03 5.30542e-02
50 8.26817e-03 5.09548e-02
51 1.51130e-02 5.10571e-02
52 6.48016e-03 5.11533e-02
53 4.86627e-03 5.10515e-02
54 2.47162e-02 5.04929e-02
55 1.49262e-02 5.00202e-02
56 3.69285e-02 5.08894e-02
57 2.08868e-02 5.14135e-02
58 1.47804e-02 5.06024e-02
59 5.27464e-03 5.13944e-02
60 2.70492e-03 5.16286e-02
61 4.94772e-03 5.03281e-02
62 1.16853e-02 5.24995e-02
63 2.78768e-04 5.10855e-02
64 2.07689e-01 5.10972e-02
65 1.48626e-03 5.15653e-02
66 6.64600e-03 5.23089e-02
67 5.36613e-02 5.13389e-02
68 2.60404e-02 5.00650e-02
69 1.57398e-02 5.19014e-02
70 1.18175e-02 5.31335e-02
71 5.60931e-02 5.11658e-02
72 1.17330e-01 5.15232e-02
73 1.35961e-02 5.08863e-02
74 6.95449e-03 5.29421e-02
75 3.91569e-03 5.14568e-02
76 1.79968e-02 5.18883e-02
77 2.65013e-03 5.13917e-02
78 2.72829e-02 5.19341e-02
79 4.18606e-03 5.12226e-02
80 2.60963e-02 5.03512e-02
81 2.78048e-01 5.04121e-02
82 8.97379e-03 5.17397e-02
83 3.88500e-03 5.05528e-02
84 7.76706e-03 5.03169e-02
85 1.40699e-02 5.12171e-02
86 9.43899e-03 5.14270e-02
87 4.42666e-02 5.08679e-02
88 1.68846e-02 4.96126e-02
89 8.62459e-03 5.12550e-02
90 1.74419e-03 5.05159e-02
91 1.24064e-03 5.09066e-02
92 1.10177e-02 5.07990e-02
93 2.86881e-02 5.12263e-02
94 1.33816e-01 5.14668e-02
95 9.52101e-02 5.03408e-02
96 5.30756e-03 5.16163e-02
97 1.78567e-02 5.03605e-02
98 8.66954e-02 5.12047e-02
99 4.06723e-02 5.02653e-02
100 3.83532e-02 5.13190e-02
101 2.32812e-03 5.13966e-02
102 3.36092e-02 5.17708e-02
103 6.96320e-03 4.93299e-02
104 4.18849e-03 5.08591e-02
105 4.50472e-03 5.09009e-02
106 6.02032e-03 5.12853e-02
107 8.86437e-04 5.15349e-02
108 2.21083e-03 5.26925e-02
109 2.74272e-03 5.05383e-02
110 1.68539e-02 5.13906e-02
111 6.23853e-03 5.16585e-02
112 1.75554e-04 4.98000e-02
113 1.21929e-02 5.01978e-02
114 2.25982e-02 5.03975e-02
115 2.25271e-02 5.10811e-02
116 3.64031e-03 5.08895e-02
117 3.14967e-02 5.18321e-02
118 4.56420e-03 5.18327e-02
119 2.12507e-02 5.12155e-02
120 4.96492e-03 5.11689e-02
121 2.94267e-03 5.03271e-02
122 8.62993e-03 4.99830e-02
123 1.39595e-03 4.90879e-02
124 1.73034e-02 4.97465e-02
125 1.51105e-02 5.06352e-02
126 2.74895e-02 5.17655e-02
127 3.99055e-02 5.05465e-02
128 1.17056e-02 5.18169e-02
129 6.34429e-03 5.11604e-02
130 1.50200e-02 5.06480e-02
131 4.74991e-02 5.17075e-02
132 5.08131e-03 5.09325e-02
133 7.69818e-03 5.09695e-02
134 1.58710e-02 5.05415e-02
135 1.61935e-01 5.15807e-02
136 1.53987e-02 5.15215e-02
137 3.28773e-03 5.19580e-02
138 1.86384e-03 5.07009e-02
139 4.28131e-03 5.07792e-02
140 2.59747e-02 5.15347e-02
141 7.04998e-02 5.17560e-02
142 1.53745e-02 5.19388e-02
143 8.73915e-03 5.08285e-02
144 1.97065e-03 5.09853e-02
145 6.96163e-03 5.13465e-02
146 6.01627e-03 5.22876e-02
147 8.98509e-04 5.13385e-02
148 1.04802e-02 5.08853e-02
149 2.42216e-02 5.11865e-02
150 4.61607e-02 5.15689e-02
151 1.19113e-02 5.16326e-02
152 6.97274e-03 5.04013e-02
153 7.52134e-04 5.23233e-02
154 2.31369e-02 5.17922e-02
155 7.04976e-02 5.11545e-02
156 8.79688e-03 5.32022e-02
157 4.62438e-03 5.14345e-02
158 5.61190e-03 5.05644e-02
159 3.48131e-03 5.20806e-02
160 2.49999e-03 5.25624e-02
161 1.44467e-02 5.10111e-02
162 1.07283e-02 5.19621e-02
163 5.00825e-04 5.29860e-02
164 3.00610e-02 5.07363e-02
165 1.03695e-03 4.95637e-02
166 3.16336e-03 5.26986e-02
167 4.10146e-03 5.17811e-02
168 3.14517e-02 5.18534e-02
169 3.72811e-02 5.14231e-02
170 1.07775e-02 5.23224e-02
171 8.29418e-02 5.17331e-02
172 5.59532e-03 5.11133e-02
173 7.69565e-02 5.07767e-02
174 4.35297e-03 5.14678e-02
175 9.33613e-03 5.09752e-02
176 2.61513e-02 5.15615e-02
177 1.51297e-02 5.18428e-02
178 1.48497e-02 5.01728e-02
179 7.48480e-03 5.07002e-02
180 2.25743e-04 5.21464e-02
181 1.76926e-02 5.14754e-02
182 1.40052e-01 5.20196e-02
183 6.83312e-03 5.26164e-02
184 1.19090e-03 5.28754e-02
185 1.65603e-01 5.18060e-02
186 3.87692e-04 5.06492e-02
187 8.87020e-02 5.13502e-02
188 1.69536e-03 5.08159e-02
189 1.93843e-03 5.20051e-02
190 1.03776e-02 5.27083e-02
191 1.18024e-01 5.08481e-02
192 1.31344e-02 5.20065e-02
193 1.36439e-02 5.20345e-02
194 1.27702e-02 5.10232e-02
195 6.06716e-02 5.11930e-02
196 1.39436e-02 5.12861e-02
197 6.35994e-02 5.07340e-02
198 1.99280e-03 5.14106e-02
199 1.48892e-02 5.05532e-02
0 4.09907e-03 5.13307e-02
1 3.12836e-03 5.11802e-02
2 7.31080e-02 5.09404e-02
3 1.64829e-02 5.10862e-02
4 2.93102e-02 5.04924e-02
5 2.76656e-03 5.14584e-02
6 3.66502e-02 5.07060e-02
7 6.85129e-03 5.14793e-02
8 1.92408e-02 5.07532e-02
9 3.36041e-02 5.03656e-02
10 1.96528e-02 5.06896e-02
11 8.80453e-04 5.04524e-02
12 3.68275e-02 5.03170e-02
13 8.51576e-03 5.04353e-02
14 9.09378e-03 5.11874e-02
15 1.49117e-02 5.07585e-02
16 1.54417e-03 5.16019e-02
17 3.25693e-03 5.12267e-02
18 1.23264e-02 5.07369e-02
19 6.60187e-04 5.14844e-02
20 3.77834e-03 5.16346e-02
21 4.79040e-03 5.15128e-02
22 6.61696e-04 5.16938e-02
23 4.81700e-03 5.13935e-02
24 1.09765e-02 5.21693e-02
25 6.28776e-02 5.19134e-02
26 1.60402e-01 5.22552e-02
27 1.46151e-02 5.13705e-02
28 4.28244e-03 5.09562e-02
29 1.04314e-02 5.10561e-02
30 2.03452e-02 5.10347e-02
31 2.43964e-02 5.15973e-02
32 1.39802e-04 5.15339e-02
33 1.42121e-02 5.11785e-02
34 8.86600e-03 5.15992e-02
35 2.92707e-03 5.19768e-02
36 1.91902e-03 5.17823e-02
37 4.25807e-03 5.14987e-02
38 2.60891e-03 5.14977e-02
39 1.57996e-03 5.14487e-02
40 2.92661e-03 5.13613e-02
41 6.42975e-02 5.14433e-02
42 1.07672e-02 5.08673e-02
43 3.93523e-03 5.12981e-02
44 1.59429e-04 5.07239e-02
45 5.98228e-03 5.06975e-02
46 1.09969e-02 5.06336e-02
47 9.29497e-03 5.09816e-02
48 1.75897e-03 5.03227e-02
49 3.41709e-02 5.03440e-02
50 2.25192e-02 5.01490e-02
51 1.11228e-01 5.06517e-02
52 1.39672e-02 5.07709e-02
53 9.58093e-02 5.02282e-02
54 6.69156e-03 5.10370e-02
55 3.46500e-03 5.06750e-02
56 4.95432e-03 5.04067e-02
57 7.84147e-03 5.08526e-02
58 1.76428e-02 5.06283e-02
59 5.95621e-03 5.08340e-02
60 9.85812e-03 5.01932e-02
61 1.38138e-02 5.06006e-02
62 5.66656e-03 5.03001e-02
63 1.80584e-03 5.00908e-02
64 4.79808e-03 5.04173e-02
65 2.15936e-02 5.06997e-02
66 3.54468e-02 5.01008e-02
67 1.19628e-02 5.06171e-02
68 4.09938e-03 4.99999e-02
69 4.64562e-01 5.05849e-02
70 2.34666e-02 5.05517e-02
71 3.98761e-03 5.06718e-02
72 5.61060e-03 5.06841e-02
73 2.50119e-03 5.10330e-02
74 8.76046e-04 5.02418e-02
75 1.01140e-01 5.01833e-02
76 1.61568e-02 4.96164e-02
77 6.36655e-03 4.96963e-02
78 1.47344e-02 4.99896e-02
79 8.60922e-02 5.01625e-02
80 1.15578e-03 5.02900e-02
81 5.50748e-03 5.01936e-02
82 1.45568e-01 4.93847e-02
83 2.72242e-02 5.00656e-02
84 1.42247e-02 4.98831e-02
85 1.14160e-01 4.99848e-02
86 2.16946e-03 4.96129e-02
87 2.72048e-02 5.04961e-02
88 4.63999e-04 4.94887e-02
89 8.48058e-02 5.01795e-02
90 2.72300e-02 5.08725e-02
91 3.57598e-02 4.99780e-02
92 8.89355e-02 4.96859e-02
93 3.28184e-03 4.99862e-02
94 3.89494e-04 5.09183e-02
95 2.70089e-02 5.08340e-02
96 2.91620e-02 5.05596e-02
97 1.02642e-02 5.03036e-02
98 1.13737e-03 5.00278e-02
99 1.68917e-02 5.06250e-02
100 4.73571e-03 5.02371e-02
101 4.26419e-02 5.05512e-02
102 7.12278e-03 5.02961e-02
103 3.91847e-02 5.04022e-02
104 4.82555e-03 5.01768e-02
105 5.53442e-03 4.96201e-02
106 1.64220e-02 4.99196e-02
107 2.52995e-02 4.97895e-02
108 1.98186e-03 5.00450e-02
109 8.75009e-03 4.97622e-02
110 6.70959e-02 5.00884e-02
111 2.96663e-02 4.97569e-02
112 1.42671e-02 4.98183e-02
113 2.23162e-02 4.96468e-02
114 5.04573e-03 5.04490e-02
115 1.35466e-02 4.99287e-02
116 2.66385e-03 4.99459e-02
117 4.92937e-02 5.00934e-02
118 2.81833e-03 4.99342e-02
119 4.54381e-02 5.02259e-02
120 3.21956e-02 4.96352e-02
121 1.02265e-02 5.00672e-02
122 6.91473e-03 5.00925e-02
123 2.05169e-03 4.99309e-02
124 6.83857e-02 4.99843e-02
125 2.81674e-03 4.95168e-02
126 5.04110e-03 4.99217e-02
127 6.31535e-03 4.99358e-02
128 5.20207e-02 4.97292e-02
129 1.61080e-02 4.99323e-02
130 1.77227e-03 4.95328e-02
131 1.22644e-02 5.00160e-02
132 1.72027e-02 5.00526e-02
133 8.73833e-03 5.01984e-02
134 5.81787e-03 5.03550e-02
135 5.12364e-03 4.97578e-02
136 4.98486e-02 5.04110e-02
137 1.63527e-02 5.06326e-02
138 4.24133e-03 5.03583e-02
139 8.15785e-02 4.96171e-02
140 2.18119e-03 5.00933e-02
141 3.55709e-03 5.07480e-02
142 8.58160e-03 5.04423e-02
143 5.32074e-03 5.03762e-02
144 9.29693e-03 5.05993e-02
145 1.16816e-02 4.99900e-02
146 1.50836e-02 5.07434e-02
147 2.57827e-03 5.01138e-02
148 5.95886e-03 4.98856e-02
149 7.15037e-03 5.01783e-02
150 4.77436e-02 5.03533e-02
151 5.88119e-02 5.04451e-02
152 2.76114e-03 5.00725e-02
153 3.15758e-03 5.06913e-02
154 1.09630e-03 5.01097e-02
155 9.13417e-03 5.07264e-02
156 1.86745e-03 5.04944e-02
157 1.06030e-03 4.98304e-02
158 3.44124e-02 5.05045e-02
159 2.78646e-03 5.02593e-02
160 1.08255e-02 5.06063e-02
161 1.08855e-03 5.07010e-02
162 1.56846e-02 5.06706e-02
163 1.34345e-02 5.04512e-02
164 3.97010e-02 5.04725e-02
165 1.28448e-02 5.06127e-02
166 8.07068e-03 5.05099e-02
167 6.82077e-02 5.03707e-02
168 4.98230e-02 5.03812e-02
169 5.19023e-02 5.06964e-02
170 3.72759e-04 5.12583e-02
171 7.13168e-03 5.06529e-02
172 2.80939e-03 5.01511e-02
173 3.23491e-03 5.01135e-02
174 1.70487e-01 5.08540e-02
175 7.95664e-02 5.08268e-02
176 2.80661e-03 5.09002e-02
177 8.84694e-02 5.09940e-02
178 8.65407e-03 5.03128e-02
179 1.95396e-02 5.00140e-02
180 4.41695e-02 5.08802e-02
181 1.44042e-02 5.06770e-02
182 1.46384e-02 5.07658e-02
183 8.31626e-03 5.09697e-02
184 6.35102e-03 5.03958e-02
185 4.86542e-03 5.07143e-02
186 2.16420e-02 5.06914e-02
187 4.88139e-03 5.01970e-02
188 3.47849e-03 5.05741e-02
189 5.64135e-03 5.03891e-02
190 1.36656e-03 5.05867e-02
191 6.67182e-03 5.04390e-02
192 2.75351e-02 5.06827e-02
193 4.74961e-03 5.08464e-02
194 8.69738e-03 5.03424e-02
195 1.94816e-03 5.03098e-02
196 1.25428e-02 5.11047e-02
197 8.99573e-02 5.01829e-02
198 5.36407e-03 5.10215e-02
199 2.65399e-02 5.10281e-02
